[wphix.com/template/pabna/pabna/index-2.html]
[backblue.gif]
[fade.gif]
[index.html]
[wphix.com/template/pabna/pabna/img/favicon.ico]
[wphix.com/template/pabna/pabna/css/bootstrap.min.css]
[wphix.com/template/pabna/pabna/css/animate.css]
[wphix.com/template/pabna/pabna/css/jquery-ui.min.css]
[wphix.com/template/pabna/pabna/css/meanmenu.min.css]
[wphix.com/template/pabna/pabna/css/owl.carousel.css]
[wphix.com/template/pabna/pabna/css/slick.css]
[wphix.com/template/pabna/pabna/css/font-awesome.min.css]
[wphix.com/template/pabna/pabna/style.css]
[wphix.com/template/pabna/pabna/css/responsive.css]
[wphix.com/template/pabna/pabna/js/vendor/modernizr-2.8.3.min.js]
[wphix.com/template/pabna/pabna/index.html]
[wphix.com/template/pabna/pabna/img/logo-white-text.png]
[wphix.com/template/pabna/pabna/index-3.html]
[wphix.com/template/pabna/pabna/about.html]
[wphix.com/template/pabna/pabna/blog.html]
[wphix.com/template/pabna/pabna/shop.html]
[wphix.com/template/pabna/pabna/img/1.jpg]
[wphix.com/template/pabna/pabna/blog-2-column.html]
[wphix.com/template/pabna/pabna/blog-full-width.html]
[wphix.com/template/pabna/pabna/blog-right-sidebar.html]
[wphix.com/template/pabna/pabna/single-blog.html]
[wphix.com/template/pabna/pabna/single-blog-video.html]
[wphix.com/template/pabna/pabna/cart.html]
[wphix.com/template/pabna/pabna/checkout.html]
[wphix.com/template/pabna/pabna/wishlist.html]
[wphix.com/template/pabna/pabna/contact.html]
[wphix.com/template/pabna/pabna/login.html]
[wphix.com/template/pabna/pabna/product-details.html]
[wphix.com/template/pabna/pabna/shop-full-width.html]
[wphix.com/template/pabna/pabna/shop-right-sidebar.html]
[wphix.com/template/pabna/pabna/404.html]
[wphix.com/template/pabna/pabna/img/cart/1.jpg]
[wphix.com/template/pabna/pabna/img/slider/slide1.jpg]
[wphix.com/template/pabna/pabna/img/slider/slide4.jpg]
[wphix.com/template/pabna/pabna/img/slider/slide2.jpg]
[wphix.com/template/pabna/pabna/img/banner/6.jpg]
[wphix.com/template/pabna/pabna/img/banner/5.jpg]
[wphix.com/template/pabna/pabna/img/banner/1.jpg]
[wphix.com/template/pabna/pabna/img/banner/3.jpg]
[wphix.com/template/pabna/pabna/img/banner/b1.jpg]
[wphix.com/template/pabna/pabna/img/product/2.jpg]
[wphix.com/template/pabna/pabna/img/product/1.jpg]
[wphix.com/template/pabna/pabna/img/product/13.jpg]
[wphix.com/template/pabna/pabna/img/product/12.jpg]
[wphix.com/template/pabna/pabna/img/product/9.jpg]
[wphix.com/template/pabna/pabna/img/product/8.jpg]
[wphix.com/template/pabna/pabna/img/product/7.jpg]
[wphix.com/template/pabna/pabna/img/product/18.jpg]
[wphix.com/template/pabna/pabna/img/product/16.jpg]
[wphix.com/template/pabna/pabna/img/product/17.jpg]
[wphix.com/template/pabna/pabna/img/product/3.jpg]
[wphix.com/template/pabna/pabna/img/product/4.jpg]
[wphix.com/template/pabna/pabna/img/product/5.jpg]
[wphix.com/template/pabna/pabna/img/product/6.jpg]
[wphix.com/template/pabna/pabna/img/product/10.jpg]
[wphix.com/template/pabna/pabna/img/product/11.jpg]
[wphix.com/template/pabna/pabna/img/product/14.jpg]
[wphix.com/template/pabna/pabna/img/product/15.jpg]
[wphix.com/template/pabna/pabna/img/product/19.jpg]
[wphix.com/template/pabna/pabna/img/product/20.jpg]
[wphix.com/template/pabna/pabna/img/product/21.jpg]
[wphix.com/template/pabna/pabna/img/product/22.jpg]
[wphix.com/template/pabna/pabna/img/product/23.jpg]
[wphix.com/template/pabna/pabna/img/blog/4.jpg]
[wphix.com/template/pabna/pabna/img/blog/2.jpg]
[wphix.com/template/pabna/pabna/img/blog/3.jpg]
[wphix.com/template/pabna/pabna/img/blog/1.jpg]
[wphix.com/template/pabna/pabna/img/blog/5.jpg]
[wphix.com/template/pabna/pabna/img/brand/1.png]
[wphix.com/template/pabna/pabna/img/payment.png]
[wphix.com/cdn-cgi/scripts/5c5dd728/cloudflare-static/email-decode.min.js]
[wphix.com/template/pabna/pabna/js/vendor/jquery-1.12.0.min.js]
[wphix.com/template/pabna/pabna/js/bootstrap.min.js]
[wphix.com/template/pabna/pabna/js/owl.carousel.min.js]
[wphix.com/template/pabna/pabna/js/jquery.meanmenu.js]
[wphix.com/template/pabna/pabna/js/jquery-ui.min.js]
[wphix.com/template/pabna/pabna/js/wow.min.js]
[wphix.com/template/pabna/pabna/js/plugins.js]
[wphix.com/template/pabna/pabna/index-2.html]
[wphix.com/template/pabna/pabna/css/bootstrap.min.css]
[wphix.com/template/pabna/pabna/css/animate.css]
[wphix.com/template/pabna/pabna/js/main.js]
[wphix.com/template/pabna/pabna/css/images/ui-bg_inset-hard_100_fcfdfd_1x100.html]
[wphix.com/template/pabna/pabna/css/images/ui-bg_gloss-wave_55_5c9ccc_500x100.html]
[wphix.com/template/pabna/pabna/css/images/ui-bg_glass_85_dfeffc_1x400.html]
[wphix.com/template/pabna/pabna/css/images/ui-bg_glass_75_d0e5f5_1x400.html]
[wphix.com/template/pabna/pabna/css/images/ui-bg_inset-hard_100_f5f8f9_1x100.html]
[wphix.com/template/pabna/pabna/css/images/ui-bg_glass_95_fef1ec_1x400.html]
[wphix.com/template/pabna/pabna/css/images/ui-icons_469bdd_256x240.html]
[wphix.com/template/pabna/pabna/css/images/ui-icons_d8e7f3_256x240.html]
[wphix.com/template/pabna/pabna/css/images/ui-icons_6da8d5_256x240.html]
[wphix.com/template/pabna/pabna/css/images/ui-icons_217bc0_256x240.html]
[wphix.com/template/pabna/pabna/css/images/ui-icons_f9bd01_256x240.html]
[wphix.com/template/pabna/pabna/css/images/ui-icons_2e83ff_256x240.html]
[wphix.com/template/pabna/pabna/css/jquery-ui.min.css]
[wphix.com/template/pabna/pabna/css/meanmenu.min.css]
[wphix.com/template/pabna/pabna/css/images/ui-icons_cd0a0a_256x240.html]
[wphix.com/template/pabna/pabna/css/grabbing.html]
[wphix.com/template/pabna/pabna/css/owl.carousel.css]
[wphix.com/template/pabna/pabna/css/slick.css]
[wphix.com/template/pabna/pabna/css/AjaxLoader.html]
[wphix.com/template/pabna/pabna/fonts/fontawesome-webfont3295.eot]
[wphix.com/template/pabna/pabna/fonts/fontawesome-webfontd41d.eot]
[wphix.com/template/pabna/pabna/fonts/fontawesome-webfont3295.woff2]
[wphix.com/template/pabna/pabna/fonts/fontawesome-webfont3295.woff]
[wphix.com/template/pabna/pabna/fonts/fontawesome-webfont3295.ttf]
[wphix.com/template/pabna/pabna/css/font-awesome.min.css]
[wphix.com/template/pabna/pabna/img/bg2.jpg]
[wphix.com/template/pabna/pabna/fonts/fontawesome-webfont3295.svg]
[wphix.com/template/pabna/pabna/img/bg.jpg]
[wphix.com/template/pabna/pabna/img/breadcrumbs.png]
[wphix.com/template/pabna/pabna/style.css]
[wphix.com/template/pabna/pabna/css/responsive.css]
[wphix.com/template/pabna/pabna/img/product/w1.jpg]
[wphix.com/template/pabna/pabna/img/product/w2.jpg]
[wphix.com/template/pabna/pabna/img/product/w3.jpg]
[wphix.com/template/pabna/pabna/img/product/w7.jpg]
[wphix.com/template/pabna/pabna/img/product/w8.jpg]
[wphix.com/template/pabna/pabna/img/product/w12.jpg]
[wphix.com/template/pabna/pabna/img/product/w9.jpg]
[wphix.com/template/pabna/pabna/index.html]
[wphix.com/template/pabna/pabna/img/slider/slide3.jpg]
[wphix.com/template/pabna/pabna/img/product/w4.jpg]
[wphix.com/template/pabna/pabna/img/product/w5.jpg]
[wphix.com/template/pabna/pabna/index-3.html]
[wphix.com/template/pabna/pabna/lib/css/nivo-slider.html]
[wphix.com/template/pabna/pabna/img/about.jpg]
[wphix.com/template/pabna/pabna/img/team/1.jpg]
[wphix.com/template/pabna/pabna/img/team/2.jpg]
[wphix.com/template/pabna/pabna/img/team/3.jpg]
[wphix.com/template/pabna/pabna/img/team/4.jpg]
[wphix.com/template/pabna/pabna/about.html]
[wphix.com/template/pabna/pabna/blog.html]
[wphix.com/template/pabna/pabna/shop.html]
[wphix.com/template/pabna/pabna/img/blog/14.jpg]
[wphix.com/template/pabna/pabna/img/blog/13.jpg]
[wphix.com/template/pabna/pabna/img/blog/12.jpg]
[wphix.com/template/pabna/pabna/img/blog/11.jpg]
[wphix.com/template/pabna/pabna/img/blog/10.jpg]
[wphix.com/template/pabna/pabna/img/blog/9.jpg]
[wphix.com/template/pabna/pabna/img/blog/8.jpg]
[wphix.com/template/pabna/pabna/img/blog/7.jpg]
[wphix.com/template/pabna/pabna/img/blog/6.jpg]
[wphix.com/template/pabna/pabna/blog-2-column.html]
[wphix.com/template/pabna/pabna/blog-full-width.html]
[wphix.com/template/pabna/pabna/blog-right-sidebar.html]
[wphix.com/template/pabna/pabna/img/author.jpg]
[wphix.com/template/pabna/pabna/single-blog.html]
[wphix.com/template/pabna/pabna/single-blog-video.html]
[wphix.com/template/pabna/pabna/img/cart/2.jpg]
[wphix.com/template/pabna/pabna/img/cart/3.jpg]
[wphix.com/template/pabna/pabna/cart.html]
[wphix.com/template/pabna/pabna/checkout.html]
[wphix.com/template/pabna/pabna/wishlist.html]
[wphix.com/template/pabna/pabna/contact.html]
[wphix.com/template/pabna/pabna/login.html]
[wphix.com/template/pabna/pabna/product-details.html]
[wphix.com/template/pabna/pabna/shop-full-width.html]
[wphix.com/template/pabna/pabna/shop-right-sidebar.html]
[wphix.com/template/pabna/pabna/404.html]
[wphix.com/template/pabna/pabna/css/images/ui-bg_inset-hard_100_fcfdfd_1x100.html]
[wphix.com/template/pabna/pabna/css/images/ui-bg_gloss-wave_55_5c9ccc_500x100.html]
[wphix.com/template/pabna/pabna/css/images/ui-bg_glass_85_dfeffc_1x400.html]
[wphix.com/template/pabna/pabna/css/images/ui-bg_glass_75_d0e5f5_1x400.html]
[wphix.com/template/pabna/pabna/css/images/ui-bg_inset-hard_100_f5f8f9_1x100.html]
[wphix.com/template/pabna/pabna/css/images/ui-bg_glass_95_fef1ec_1x400.html]
[wphix.com/template/pabna/pabna/css/images/ui-icons_469bdd_256x240.html]
[wphix.com/template/pabna/pabna/css/images/ui-icons_d8e7f3_256x240.html]
[wphix.com/template/pabna/pabna/css/images/ui-icons_6da8d5_256x240.html]
[wphix.com/template/pabna/pabna/css/images/ui-icons_217bc0_256x240.html]
[wphix.com/template/pabna/pabna/css/images/ui-icons_f9bd01_256x240.html]
[wphix.com/template/pabna/pabna/css/images/ui-icons_2e83ff_256x240.html]
[wphix.com/template/pabna/pabna/css/images/ui-icons_cd0a0a_256x240.html]
[wphix.com/template/pabna/pabna/css/grabbing.html]
[wphix.com/template/pabna/pabna/css/AjaxLoader.html]
[wphix.com/template/pabna/pabna/fonts/fontawesome-webfont3295.svg]
[wphix.com/template/pabna/pabna/lib/css/nivo-slider.html]
[wphix.com/template/pabna/pabna/js/jquery.elevateZoom-3.0.8.min.js]
