[htmldemo.net/dorno/dorno/index.html]
[backblue.gif]
[fade.gif]
[index.html]
[htmldemo.net/dorno/dorno/assets/img/favicon.ico]
[htmldemo.net/dorno/dorno/assets/css/bootstrap.min.css]
[htmldemo.net/dorno/dorno/assets/css/owl.carousel.min.css]
[htmldemo.net/dorno/dorno/assets/css/slick.css]
[htmldemo.net/dorno/dorno/assets/css/magnific-popup.css]
[htmldemo.net/dorno/dorno/assets/css/font.awesome.css]
[htmldemo.net/dorno/dorno/assets/css/ionicons.min.css]
[htmldemo.net/dorno/dorno/assets/css/jquery-ui.min.css]
[htmldemo.net/dorno/dorno/assets/css/animate.css]
[htmldemo.net/dorno/dorno/assets/css/slinky.menu.css]
[htmldemo.net/dorno/dorno/assets/css/plugins.css]
[htmldemo.net/dorno/dorno/assets/js/vendor/modernizr-3.7.1.min.js]
[htmldemo.net/dorno/dorno/assets/img/s-product/product.jpg]
[htmldemo.net/dorno/dorno/assets/css/style.css]
[htmldemo.net/dorno/dorno/assets/img/s-product/product2.jpg]
[htmldemo.net/dorno/dorno/cart.html]
[htmldemo.net/dorno/dorno/checkout.html]
[htmldemo.net/dorno/dorno/assets/img/icon/language.png]
[htmldemo.net/dorno/dorno/assets/img/icon/language2.png]
[htmldemo.net/dorno/dorno/index-2.html]
[htmldemo.net/dorno/dorno/index-3.html]
[htmldemo.net/dorno/dorno/index-4.html]
[htmldemo.net/dorno/dorno/shop.html]
[htmldemo.net/dorno/dorno/shop-fullwidth.html]
[htmldemo.net/dorno/dorno/shop-fullwidth-list.html]
[htmldemo.net/dorno/dorno/shop-right-sidebar.html]
[htmldemo.net/dorno/dorno/shop-list.html]
[htmldemo.net/dorno/dorno/wishlist.html]
[htmldemo.net/dorno/dorno/shop-right-sidebar-list.html]
[htmldemo.net/dorno/dorno/my-account.html]
[htmldemo.net/dorno/dorno/404.html]
[htmldemo.net/dorno/dorno/product-details.html]
[htmldemo.net/dorno/dorno/product-sidebar.html]
[htmldemo.net/dorno/dorno/product-grouped.html]
[htmldemo.net/dorno/dorno/variable-product.html]
[htmldemo.net/dorno/dorno/blog.html]
[htmldemo.net/dorno/dorno/blog-details.html]
[htmldemo.net/dorno/dorno/blog-fullwidth.html]
[htmldemo.net/dorno/dorno/blog-sidebar.html]
[htmldemo.net/dorno/dorno/about.html]
[htmldemo.net/dorno/dorno/services.html]
[htmldemo.net/dorno/dorno/faq.html]
[htmldemo.net/dorno/dorno/contact.html]
[htmldemo.net/dorno/dorno/login.html]
[htmldemo.net/dorno/dorno/assets/img/logo/logo.png]
[htmldemo.net/dorno/dorno/assets/img/slider/slider1.jpg]
[htmldemo.net/dorno/dorno/assets/img/slider/slider2.jpg]
[htmldemo.net/dorno/dorno/assets/img/bg/banner1.jpg]
[htmldemo.net/dorno/dorno/assets/img/bg/banner2.jpg]
[htmldemo.net/dorno/dorno/assets/img/bg/banner3.jpg]
[htmldemo.net/dorno/dorno/assets/img/product/product1.jpg]
[htmldemo.net/dorno/dorno/assets/img/product/product2.jpg]
[htmldemo.net/dorno/dorno/assets/img/product/product3.jpg]
[htmldemo.net/dorno/dorno/assets/img/product/product4.jpg]
[htmldemo.net/dorno/dorno/assets/img/product/product5.jpg]
[htmldemo.net/dorno/dorno/assets/img/product/product6.jpg]
[htmldemo.net/dorno/dorno/assets/img/product/product7.jpg]
[htmldemo.net/dorno/dorno/assets/img/product/product8.jpg]
[htmldemo.net/dorno/dorno/assets/img/product/product10.jpg]
[htmldemo.net/dorno/dorno/assets/img/product/product9.jpg]
[htmldemo.net/dorno/dorno/assets/img/about/testimonial1.png]
[htmldemo.net/dorno/dorno/assets/img/about/testimonial2.png]
[htmldemo.net/dorno/dorno/assets/img/about/testimonial3.png]
[htmldemo.net/dorno/dorno/assets/img/blog/blog1.jpg]
[htmldemo.net/dorno/dorno/assets/img/blog/blog2.jpg]
[htmldemo.net/dorno/dorno/assets/img/blog/blog3.jpg]
[htmldemo.net/dorno/dorno/assets/img/blog/blog4.jpg]
[htmldemo.net/dorno/dorno/assets/img/blog/blog5.jpg]
[htmldemo.net/dorno/dorno/assets/img/about/instragam1.jpg]
[htmldemo.net/dorno/dorno/assets/img/about/instragam2.jpg]
[htmldemo.net/dorno/dorno/assets/img/about/instragam3.jpg]
[htmldemo.net/dorno/dorno/assets/img/about/instragam4.jpg]
[htmldemo.net/dorno/dorno/assets/img/about/instragam5.jpg]
[htmldemo.net/dorno/dorno/assets/img/product/productbig1.jpg]
[htmldemo.net/dorno/dorno/assets/img/product/productbig2.jpg]
[htmldemo.net/dorno/dorno/assets/img/product/productbig3.jpg]
[htmldemo.net/dorno/dorno/assets/img/product/productbig4.jpg]
[htmldemo.net/dorno/dorno/assets/js/popper.js]
[htmldemo.net/dorno/dorno/assets/js/vendor/jquery-3.4.1.min.js]
[htmldemo.net/dorno/dorno/assets/js/bootstrap.min.js]
[htmldemo.net/dorno/dorno/assets/js/owl.carousel.min.js]
[htmldemo.net/dorno/dorno/assets/js/slick.min.js]
[htmldemo.net/dorno/dorno/assets/js/jquery.magnific-popup.min.js]
[htmldemo.net/dorno/dorno/assets/js/jquery.counterup.min.js]
[htmldemo.net/dorno/dorno/assets/js/jquery.countdown.js]
[htmldemo.net/dorno/dorno/assets/js/jquery.ui.js]
[htmldemo.net/dorno/dorno/assets/js/jquery.elevatezoom.js]
[htmldemo.net/dorno/dorno/assets/js/isotope.pkgd.min.js]
[htmldemo.net/dorno/dorno/assets/js/slinky.menu.js]
[htmldemo.net/dorno/dorno/assets/js/plugins.js]
[htmldemo.net/dorno/dorno/index.html]
[htmldemo.net/dorno/dorno/assets/css/bootstrap.min.css]
[htmldemo.net/dorno/dorno/assets/js/main.js]
[htmldemo.net/dorno/dorno/assets/img/icon/owl.video.play.png]
[htmldemo.net/dorno/dorno/assets/css/owl.carousel.min.css]
[htmldemo.net/dorno/dorno/assets/css/slick.css]
[htmldemo.net/dorno/dorno/assets/css/magnific-popup.css]
[htmldemo.net/dorno/dorno/assets/fonts/fontawesome-webfont3e6e.woff2]
[htmldemo.net/dorno/dorno/assets/fonts/fontawesome-webfont3e6e.eot]
[htmldemo.net/dorno/dorno/assets/fonts/fontawesome-webfontd41d.eot]
[htmldemo.net/dorno/dorno/assets/fonts/fontawesome-webfont3e6e.woff]
[htmldemo.net/dorno/dorno/assets/fonts/fontawesome-webfont3e6e.ttf]
[htmldemo.net/dorno/dorno/assets/css/font.awesome.css]
[htmldemo.net/dorno/dorno/assets/fonts/fontawesome-webfont3e6e.svg]
[htmldemo.net/dorno/dorno/assets/fonts/ionicons28b5.ttf]
[htmldemo.net/dorno/dorno/assets/fonts/ionicons28b5.woff]
[htmldemo.net/dorno/dorno/assets/fonts/ionicons28b5.eot]
[htmldemo.net/dorno/dorno/assets/css/ionicons.min.css]
[htmldemo.net/dorno/dorno/assets/css/animate.css]
[htmldemo.net/dorno/dorno/assets/css/jquery-ui.min.css]
[htmldemo.net/dorno/dorno/assets/css/slinky.menu.css]
[htmldemo.net/dorno/dorno/assets/fonts/ionicons28b5.svg]
[htmldemo.net/dorno/dorno/assets/fonts/Stroke-Gap-Icons.eot]
[htmldemo.net/dorno/dorno/assets/fonts/Stroke-Gap-Icons.svg]
[htmldemo.net/dorno/dorno/assets/fonts/Stroke-Gap-Icons.ttf]
[htmldemo.net/dorno/dorno/assets/fonts/Stroke-Gap-Icons.woff]
[htmldemo.net/dorno/dorno/assets/css/plugins.css]
[htmldemo.net/dorno/dorno/assets/img/icon/bkg_grid.png]
[htmldemo.net/dorno/dorno/assets/img/icon/bkg_grid_hover.png]
[htmldemo.net/dorno/dorno/assets/img/icon/bkg_grid4.png]
[htmldemo.net/dorno/dorno/assets/img/icon/bkg_grid4_hover.png]
[htmldemo.net/dorno/dorno/assets/img/icon/bkg_list.png]
[htmldemo.net/dorno/dorno/assets/img/icon/bkg_list_hover.png]
[htmldemo.net/dorno/dorno/assets/css/style.css]
[htmldemo.net/dorno/dorno/assets/img/s-product/product3.jpg]
[htmldemo.net/dorno/dorno/cart.html]
[htmldemo.net/dorno/dorno/assets/img/icon/papyel.png]
[htmldemo.net/dorno/dorno/checkout.html]
[htmldemo.net/dorno/dorno/assets/img/slider/slider3.jpg]
[htmldemo.net/dorno/dorno/assets/img/slider/slider4.jpg]
[htmldemo.net/dorno/dorno/assets/img/bg/banner4.jpg]
[htmldemo.net/dorno/dorno/assets/img/bg/banner5.jpg]
[htmldemo.net/dorno/dorno/assets/img/bg/banner6.jpg]
[htmldemo.net/dorno/dorno/assets/img/product/product11.jpg]
[htmldemo.net/dorno/dorno/assets/img/product/product12.jpg]
[htmldemo.net/dorno/dorno/assets/img/product/product13.jpg]
[htmldemo.net/dorno/dorno/assets/img/product/product14.jpg]
[htmldemo.net/dorno/dorno/assets/img/product/product15.jpg]
[htmldemo.net/dorno/dorno/assets/img/product/product16.jpg]
[htmldemo.net/dorno/dorno/assets/img/product/product17.jpg]
[htmldemo.net/dorno/dorno/assets/img/product/product18.jpg]
[htmldemo.net/dorno/dorno/assets/img/product/product19.jpg]
[htmldemo.net/dorno/dorno/assets/img/product/product20.jpg]
[htmldemo.net/dorno/dorno/assets/img/product/product21.jpg]
[htmldemo.net/dorno/dorno/assets/img/blog/blog6.jpg]
[htmldemo.net/dorno/dorno/assets/img/blog/blog7.jpg]
[htmldemo.net/dorno/dorno/assets/img/blog/blog8.jpg]
[htmldemo.net/dorno/dorno/index-2.html]
[htmldemo.net/dorno/dorno/assets/img/slider/slider5.jpg]
[htmldemo.net/dorno/dorno/assets/img/slider/slider6.jpg]
[htmldemo.net/dorno/dorno/assets/img/category/category1.jpg]
[htmldemo.net/dorno/dorno/assets/img/category/category2.jpg]
[htmldemo.net/dorno/dorno/assets/img/category/category3.jpg]
[htmldemo.net/dorno/dorno/assets/img/category/category4.jpg]
[htmldemo.net/dorno/dorno/assets/img/category/category5.jpg]
[htmldemo.net/dorno/dorno/assets/img/product/product33.jpg]
[htmldemo.net/dorno/dorno/assets/img/product/product34.jpg]
[htmldemo.net/dorno/dorno/assets/img/product/product35.jpg]
[htmldemo.net/dorno/dorno/assets/img/product/product36.jpg]
[htmldemo.net/dorno/dorno/assets/img/product/product37.jpg]
[htmldemo.net/dorno/dorno/assets/img/product/product38.jpg]
[htmldemo.net/dorno/dorno/assets/img/product/product39.jpg]
[htmldemo.net/dorno/dorno/assets/img/product/product40.jpg]
[htmldemo.net/dorno/dorno/assets/img/product/product41.jpg]
[htmldemo.net/dorno/dorno/assets/img/product/product42.jpg]
[htmldemo.net/dorno/dorno/assets/img/product/product43.jpg]
[htmldemo.net/dorno/dorno/assets/img/bg/banner7.jpg]
[htmldemo.net/dorno/dorno/assets/img/bg/banner8.jpg]
[htmldemo.net/dorno/dorno/index-3.html]
[htmldemo.net/dorno/dorno/assets/img/slider/slider7.jpg]
[htmldemo.net/dorno/dorno/assets/img/slider/slider8.jpg]
[htmldemo.net/dorno/dorno/assets/img/bg/banner9.jpg]
[htmldemo.net/dorno/dorno/assets/img/bg/banner10.jpg]
[htmldemo.net/dorno/dorno/assets/img/product/product22.jpg]
[htmldemo.net/dorno/dorno/assets/img/product/product23.jpg]
[htmldemo.net/dorno/dorno/assets/img/product/product24.jpg]
[htmldemo.net/dorno/dorno/assets/img/product/product25.jpg]
[htmldemo.net/dorno/dorno/assets/img/product/product26.jpg]
[htmldemo.net/dorno/dorno/assets/img/product/product27.jpg]
[htmldemo.net/dorno/dorno/assets/img/product/product28.jpg]
[htmldemo.net/dorno/dorno/assets/img/product/product29.jpg]
[htmldemo.net/dorno/dorno/assets/img/product/product30.jpg]
[htmldemo.net/dorno/dorno/assets/img/product/product31.jpg]
[htmldemo.net/dorno/dorno/assets/img/product/product32.jpg]
[htmldemo.net/dorno/dorno/assets/img/bg/banner11.jpg]
[htmldemo.net/dorno/dorno/index-4.html]
[htmldemo.net/dorno/dorno/assets/img/bg/banner12.jpg]
[htmldemo.net/dorno/dorno/shop.html]
[htmldemo.net/dorno/dorno/shop-fullwidth.html]
[htmldemo.net/dorno/dorno/shop-fullwidth-list.html]
[htmldemo.net/dorno/dorno/shop-right-sidebar.html]
[htmldemo.net/dorno/dorno/shop-right-sidebar-list.html]
[htmldemo.net/dorno/dorno/shop-list.html]
[htmldemo.net/dorno/dorno/wishlist.html]
[htmldemo.net/dorno/dorno/my-account.html]
[htmldemo.net/dorno/dorno/404.html]
[htmldemo.net/dorno/dorno/assets/img/blog/comment2.jpg]
[htmldemo.net/dorno/dorno/product-details.html]
[htmldemo.net/dorno/dorno/product-sidebar.html]
[htmldemo.net/dorno/dorno/product-grouped.html]
[htmldemo.net/dorno/dorno/variable-product.html]
[htmldemo.net/dorno/dorno/assets/img/blog/blogpage1.jpg]
[htmldemo.net/dorno/dorno/assets/img/blog/blogpage2.jpg]
[htmldemo.net/dorno/dorno/assets/img/blog/blogpage6.jpg]
[htmldemo.net/dorno/dorno/assets/img/blog/blogpage3.jpg]
[htmldemo.net/dorno/dorno/assets/img/blog/blogpage4.jpg]
[htmldemo.net/dorno/dorno/assets/img/blog/blogpage5.jpg]
[htmldemo.net/dorno/dorno/assets/img/blog/comment2.png.jpg]
[htmldemo.net/dorno/dorno/blog.html]
[htmldemo.net/dorno/dorno/assets/img/blog/blog-big1.jpg]
[htmldemo.net/dorno/dorno/assets/img/blog/comment3.png.jpg]
[htmldemo.net/dorno/dorno/blog-details.html]
[htmldemo.net/dorno/dorno/assets/img/blog/blog-big2.jpg]
[htmldemo.net/dorno/dorno/assets/img/blog/blog-big3.jpg]
[htmldemo.net/dorno/dorno/assets/img/blog/blog-big4.jpg]
[htmldemo.net/dorno/dorno/assets/img/blog/blog-big5.jpg]
[htmldemo.net/dorno/dorno/blog-fullwidth.html]
[htmldemo.net/dorno/dorno/blog-sidebar.html]
[htmldemo.net/dorno/dorno/assets/img/about/about1.jpg]
[htmldemo.net/dorno/dorno/assets/img/about/about-us-signature.png]
[htmldemo.net/dorno/dorno/assets/img/about/about-us-policy-bg.jpg]
[htmldemo.net/dorno/dorno/assets/img/about/About_icon1.png]
[htmldemo.net/dorno/dorno/assets/img/about/About_icon2.png]
[htmldemo.net/dorno/dorno/assets/img/about/About_icon3.png]
[htmldemo.net/dorno/dorno/assets/img/about/about2.jpg]
[htmldemo.net/dorno/dorno/assets/img/about/about3.jpg]
[htmldemo.net/dorno/dorno/assets/img/about/about4.jpg]
[htmldemo.net/dorno/dorno/about.html]
[htmldemo.net/dorno/dorno/assets/img/service/services1.jpg]
[htmldemo.net/dorno/dorno/assets/img/service/services2.jpg]
[htmldemo.net/dorno/dorno/assets/img/service/services3.jpg]
[htmldemo.net/dorno/dorno/assets/img/service/services4.jpg]
[htmldemo.net/dorno/dorno/services.html]
[htmldemo.net/dorno/dorno/faq.html]
[htmldemo.net/dorno/dorno/contact.html]
[htmldemo.net/dorno/dorno/login.html]
[htmldemo.net/dorno/dorno/assets/fonts/fontawesome-webfont3e6e.svg]
[htmldemo.net/dorno/dorno/assets/fonts/ionicons28b5.svg]
[htmldemo.net/dorno/dorno/assets/fonts/Stroke-Gap-Icons.svg]
