[htmldemo.net/coron/coron/index.html]
[backblue.gif]
[fade.gif]
[index.html]
[htmldemo.net/coron/coron/assets/img/favicon.png]
[htmldemo.net/coron/coron/assets/css/bootstrap.min.css]
[htmldemo.net/coron/coron/assets/css/plugin.css]
[htmldemo.net/coron/coron/assets/css/bundle.css]
[htmldemo.net/coron/coron/assets/css/style.css]
[htmldemo.net/coron/coron/assets/css/responsive.css]
[htmldemo.net/coron/coron/assets/js/vendor/modernizr-3.7.1.min.js]
[htmldemo.net/coron/coron/assets/img/logo/fontlogo.jpg]
[htmldemo.net/coron/coron/assets/img/logo/fontlogo2.jpg]
[htmldemo.net/coron/coron/wishlist.html]
[htmldemo.net/coron/coron/contact.html]
[htmldemo.net/coron/coron/my-account.html]
[htmldemo.net/coron/coron/cart.html]
[htmldemo.net/coron/coron/login.html]
[htmldemo.net/coron/coron/assets/img/logo/logo.jpg.png]
[htmldemo.net/coron/coron/assets/img/cart/cart.jpg]
[htmldemo.net/coron/coron/assets/img/cart/cart2.jpg]
[htmldemo.net/coron/coron/checkout.html]
[htmldemo.net/coron/coron/index-2.html]
[htmldemo.net/coron/coron/shop.html]
[htmldemo.net/coron/coron/shop-fullwidth.html]
[htmldemo.net/coron/coron/shop-fullwidth-list.html]
[htmldemo.net/coron/coron/shop-list.html]
[htmldemo.net/coron/coron/shop-sidebar.html]
[htmldemo.net/coron/coron/shop-sidebar-list.html]
[htmldemo.net/coron/coron/single-product.html]
[htmldemo.net/coron/coron/single-product-sidebar.html]
[htmldemo.net/coron/coron/single-product-video.html]
[htmldemo.net/coron/coron/single-product-gallery.html]
[htmldemo.net/coron/coron/assets/img/banner/banner1.jpg]
[htmldemo.net/coron/coron/assets/img/banner/banner2.jpg]
[htmldemo.net/coron/coron/assets/img/banner/banner3.jpg]
[htmldemo.net/coron/coron/portfolio.html]
[htmldemo.net/coron/coron/portfolio-details.html]
[htmldemo.net/coron/coron/about.html]
[htmldemo.net/coron/coron/about-2.html]
[htmldemo.net/coron/coron/services.html]
[htmldemo.net/coron/coron/blog.html]
[htmldemo.net/coron/coron/blog-details.html]
[htmldemo.net/coron/coron/blog-fullwidth.html]
[htmldemo.net/coron/coron/blog-sidebar.html]
[htmldemo.net/coron/coron/faq.html]
[htmldemo.net/coron/coron/assets/img/banner/banner5.jpg]
[htmldemo.net/coron/coron/404.html]
[htmldemo.net/coron/coron/assets/img/banner/banner6.jpg]
[htmldemo.net/coron/coron/assets/img/banner/banner9.jpg]
[htmldemo.net/coron/coron/assets/img/slider/slide_1.png]
[htmldemo.net/coron/coron/assets/img/slider/slider_2.png]
[htmldemo.net/coron/coron/assets/img/slider/slider_3.png]
[htmldemo.net/coron/coron/assets/img/product/product1.jpg]
[htmldemo.net/coron/coron/assets/img/cart/span-new.png]
[htmldemo.net/coron/coron/assets/img/product/product2.jpg]
[htmldemo.net/coron/coron/assets/img/cart/span-hot.png]
[htmldemo.net/coron/coron/assets/img/product/product3.jpg]
[htmldemo.net/coron/coron/assets/img/product/product4.jpg]
[htmldemo.net/coron/coron/assets/img/product/product6.jpg]
[htmldemo.net/coron/coron/assets/img/product/product7.jpg]
[htmldemo.net/coron/coron/assets/img/product/product8.jpg]
[htmldemo.net/coron/coron/assets/img/product/product9.jpg]
[htmldemo.net/coron/coron/assets/img/banner/banner7.jpg]
[htmldemo.net/coron/coron/assets/img/banner/banner8.jpg]
[htmldemo.net/coron/coron/assets/img/brand/brand1.jpg]
[htmldemo.net/coron/coron/assets/img/brand/brand2.jpg]
[htmldemo.net/coron/coron/assets/img/brand/brand3.jpg]
[htmldemo.net/coron/coron/assets/img/brand/brand4.jpg]
[htmldemo.net/coron/coron/assets/img/brand/brand5.jpg]
[htmldemo.net/coron/coron/assets/img/brand/brand6.jpg]
[htmldemo.net/coron/coron/assets/img/product/product13.jpg]
[htmldemo.net/coron/coron/assets/img/product/product14.jpg]
[htmldemo.net/coron/coron/assets/img/product/product15.jpg]
[htmldemo.net/coron/coron/assets/img/cart/cart17.jpg]
[htmldemo.net/coron/coron/assets/img/cart/cart18.jpg]
[htmldemo.net/coron/coron/assets/img/cart/cart19.jpg]
[htmldemo.net/coron/coron/assets/js/vendor/jquery-3.4.1.min.js]
[htmldemo.net/coron/coron/assets/js/popper.js]
[htmldemo.net/coron/coron/assets/js/bootstrap.min.js]
[htmldemo.net/coron/coron/assets/js/ajax-mail.js]
[htmldemo.net/coron/coron/index.html]
[htmldemo.net/coron/coron/assets/css/bootstrap.min.css]
[htmldemo.net/coron/coron/assets/js/main.js]
[htmldemo.net/coron/coron/assets/js/plugins.js]
[htmldemo.net/coron/coron/assets/fonts/fontawesome-webfont3e6e.woff2]
[htmldemo.net/coron/coron/assets/fonts/fontawesome-webfont3e6e.eot]
[htmldemo.net/coron/coron/assets/fonts/fontawesome-webfontd41d.eot]
[htmldemo.net/coron/coron/assets/fonts/fontawesome-webfont3e6e.woff]
[htmldemo.net/coron/coron/assets/fonts/fontawesome-webfont3e6e.ttf]
[htmldemo.net/coron/coron/assets/fonts/fontawesome-webfont3e6e.svg]
[htmldemo.net/coron/coron/assets/css/images/ui-bg_gloss-wave_55_5c9ccc_500x100.png]
[htmldemo.net/coron/coron/assets/css/images/ui-bg_glass_85_dfeffc_1x400.png]
[htmldemo.net/coron/coron/assets/css/images/ui-bg_glass_75_d0e5f5_1x400.png]
[htmldemo.net/coron/coron/assets/css/images/ui-bg_inset-hard_100_f5f8f9_1x100.png]
[htmldemo.net/coron/coron/assets/css/images/ui-bg_glass_95_fef1ec_1x400.png]
[htmldemo.net/coron/coron/assets/css/images/ui-icons_469bdd_256x240.png]
[htmldemo.net/coron/coron/assets/css/images/ui-icons_6da8d5_256x240.png]
[htmldemo.net/coron/coron/assets/css/images/ui-icons_f9bd01_256x240.png]
[htmldemo.net/coron/coron/assets/css/images/ui-icons_cd0a0a_256x240.png]
[htmldemo.net/coron/coron/assets/css/owl.video.play.png]
[htmldemo.net/coron/coron/assets/css/plugin.css]
[htmldemo.net/coron/coron/assets/fonts/MyriadPro-Bold.eot]
[htmldemo.net/coron/coron/assets/fonts/MyriadPro-Boldd41d.eot]
[htmldemo.net/coron/coron/assets/fonts/MyriadPro-Bold.woff2]
[htmldemo.net/coron/coron/assets/fonts/MyriadPro-Bold.woff]
[htmldemo.net/coron/coron/assets/fonts/MyriadPro-Bold.ttf]
[htmldemo.net/coron/coron/assets/fonts/MyriadPro-Bold.svg]
[htmldemo.net/coron/coron/assets/fonts/MyriadPro-Regular.eot]
[htmldemo.net/coron/coron/assets/fonts/MyriadPro-Regulard41d.eot]
[htmldemo.net/coron/coron/assets/fonts/MyriadPro-Regular.woff2]
[htmldemo.net/coron/coron/assets/fonts/MyriadPro-Regular.woff]
[htmldemo.net/coron/coron/assets/fonts/MyriadPro-Regular.ttf]
[htmldemo.net/coron/coron/assets/css/bundle.css]
[htmldemo.net/coron/coron/assets/fonts/MyriadPro-Regular.svg]
[htmldemo.net/coron/coron/assets/img/banner/background.png]
[htmldemo.net/coron/coron/assets/img/ship/nav-left-teal.png]
[htmldemo.net/coron/coron/assets/img/ship/nav-right-teal.png]
[htmldemo.net/coron/coron/assets/css/style.css]
[htmldemo.net/coron/coron/assets/css/responsive.css]
[htmldemo.net/coron/coron/contact.html]
[htmldemo.net/coron/coron/wishlist.html]
[htmldemo.net/coron/coron/my-account.html]
[htmldemo.net/coron/coron/cart.html]
[htmldemo.net/coron/coron/login.html]
[htmldemo.net/coron/coron/assets/img/visha/papyel.png]
[htmldemo.net/coron/coron/checkout.html]
[htmldemo.net/coron/coron/assets/img/slider/slide_4.png]
[htmldemo.net/coron/coron/assets/img/banner/banner11.jpg]
[htmldemo.net/coron/coron/assets/img/blog/blog3.jpg]
[htmldemo.net/coron/coron/assets/img/blog/blog4.jpg]
[htmldemo.net/coron/coron/assets/img/blog/blog1.jpg]
[htmldemo.net/coron/coron/index-2.html]
[htmldemo.net/coron/coron/assets/img/cart/cart3.jpg]
[htmldemo.net/coron/coron/assets/img/banner/bannner10.jpg]
[htmldemo.net/coron/coron/assets/img/product/product5.jpg]
[htmldemo.net/coron/coron/shop.html]
[htmldemo.net/coron/coron/shop-list.html]
[htmldemo.net/coron/coron/shop-fullwidth.html]
[htmldemo.net/coron/coron/shop-fullwidth-list.html]
[htmldemo.net/coron/coron/shop-sidebar.html]
[htmldemo.net/coron/coron/shop-sidebar-list.html]
[htmldemo.net/coron/coron/assets/img/cart/cart4.jpg]
[htmldemo.net/coron/coron/single-product.html]
[htmldemo.net/coron/coron/assets/img/product/productbig.jpg]
[htmldemo.net/coron/coron/assets/img/product/productbig1.jpg]
[htmldemo.net/coron/coron/assets/img/product/productbig2.jpg]
[htmldemo.net/coron/coron/single-product-sidebar.html]
[htmldemo.net/coron/coron/single-product-video.html]
[htmldemo.net/coron/coron/single-product-gallery.html]
[htmldemo.net/coron/coron/assets/img/portfolio/port1.jpg]
[htmldemo.net/coron/coron/assets/img/portfolio/port2.jpg]
[htmldemo.net/coron/coron/assets/img/portfolio/port3.jpg]
[htmldemo.net/coron/coron/assets/img/portfolio/port4.jpg]
[htmldemo.net/coron/coron/assets/img/portfolio/port5.jpg]
[htmldemo.net/coron/coron/assets/img/portfolio/port6.jpg]
[htmldemo.net/coron/coron/assets/img/portfolio/port7.jpg]
[htmldemo.net/coron/coron/assets/img/portfolio/port8.jpg]
[htmldemo.net/coron/coron/assets/img/portfolio/port9.jpg]
[htmldemo.net/coron/coron/assets/img/portfolio/port10.jpg]
[htmldemo.net/coron/coron/assets/img/portfolio/port11.jpg]
[htmldemo.net/coron/coron/assets/img/portfolio/port12.jpg]
[htmldemo.net/coron/coron/portfolio.html]
[htmldemo.net/coron/coron/assets/img/blog/blog8.jpg]
[htmldemo.net/coron/coron/assets/img/blog/tweets.jpg]
[htmldemo.net/coron/coron/assets/img/blog/blog11.jpg]
[htmldemo.net/coron/coron/assets/img/blog/blog13.jpg]
[htmldemo.net/coron/coron/assets/img/blog/blog14.jpg]
[htmldemo.net/coron/coron/assets/img/blog/blog12.jpg]
[htmldemo.net/coron/coron/portfolio-details.html]
[htmldemo.net/coron/coron/assets/img/ship/about1.jpg]
[htmldemo.net/coron/coron/assets/img/cart/count.png]
[htmldemo.net/coron/coron/assets/img/cart/count2.png]
[htmldemo.net/coron/coron/assets/img/cart/count3.png]
[htmldemo.net/coron/coron/assets/img/cart/cart5.png]
[htmldemo.net/coron/coron/assets/img/ship/about3.jpg]
[htmldemo.net/coron/coron/about.html]
[htmldemo.net/coron/coron/assets/img/ship/about4.jpg]
[htmldemo.net/coron/coron/about-2.html]
[htmldemo.net/coron/coron/assets/img/services/service2.jpg]
[htmldemo.net/coron/coron/assets/img/services/service1.jpg]
[htmldemo.net/coron/coron/assets/img/services/service3.jpg]
[htmldemo.net/coron/coron/assets/img/services/service4.jpg]
[htmldemo.net/coron/coron/services.html]
[htmldemo.net/coron/coron/assets/img/blog/blog2.jpg]
[htmldemo.net/coron/coron/assets/img/blog/blog5.jpg]
[htmldemo.net/coron/coron/blog.html]
[htmldemo.net/coron/coron/assets/img/blog/blog9.jpg]
[htmldemo.net/coron/coron/assets/img/blog/blog7.jpg]
[htmldemo.net/coron/coron/assets/img/blog/blog6.jpg]
[htmldemo.net/coron/coron/assets/img/blog/blog10.jpg]
[htmldemo.net/coron/coron/blog-details.html]
[htmldemo.net/coron/coron/blog-fullwidth.html]
[htmldemo.net/coron/coron/blog-sidebar.html]
[htmldemo.net/coron/coron/faq.html]
[htmldemo.net/coron/coron/404.html]
[htmldemo.net/coron/coron/assets/fonts/fontawesome-webfont3e6e.svg]
[htmldemo.net/coron/coron/assets/css/images/ui-bg_gloss-wave_55_5c9ccc_500x100.html]
[htmldemo.net/coron/coron/assets/css/images/ui-bg_glass_85_dfeffc_1x400.html]
[htmldemo.net/coron/coron/assets/css/images/ui-bg_glass_75_d0e5f5_1x400.html]
[htmldemo.net/coron/coron/assets/css/images/ui-bg_inset-hard_100_f5f8f9_1x100.html]
[htmldemo.net/coron/coron/assets/css/images/ui-bg_glass_95_fef1ec_1x400.html]
[htmldemo.net/coron/coron/assets/css/images/ui-icons_469bdd_256x240.html]
[htmldemo.net/coron/coron/assets/css/images/ui-icons_6da8d5_256x240.html]
[htmldemo.net/coron/coron/assets/css/images/ui-icons_f9bd01_256x240.html]
[htmldemo.net/coron/coron/assets/css/images/ui-icons_cd0a0a_256x240.html]
[htmldemo.net/coron/coron/assets/css/owl.video.play.html]
[htmldemo.net/coron/coron/assets/fonts/MyriadPro-Bold.svg]
[htmldemo.net/coron/coron/assets/fonts/MyriadPro-Regular.svg]
[htmldemo.net/coron/coron/assets/css/images/ui-icons_d8e7f3_256x240.html]
[htmldemo.net/coron/coron/assets/css/images/ui-icons_d8e7f3_256x240.html]
[htmldemo.net/coron/coron/assets/css/images/ui-icons_2e83ff_256x240.html]
[htmldemo.net/coron/coron/assets/css/images/ui-icons_2e83ff_256x240.html]
[htmldemo.net/coron/coron/assets/css/images/ui-icons_217bc0_256x240.html]
[htmldemo.net/coron/coron/assets/css/images/ui-icons_217bc0_256x240.html]
