[template.annimexweb.com/optimal/index.html]
[backblue.gif]
[fade.gif]
[index.html]
[template.annimexweb.com/optimal/assets/images/favicon.png]
[template.annimexweb.com/optimal/assets/images/loader.gif]
[template.annimexweb.com/optimal/my-wishlist.html]
[template.annimexweb.com/optimal/login.html]
[template.annimexweb.com/optimal/register.html]
[template.annimexweb.com/optimal/compare-style1.html]
[template.annimexweb.com/optimal/cart-style1.html]
[template.annimexweb.com/optimal/index-demo2.html]
[template.annimexweb.com/optimal/index-demo4.html]
[template.annimexweb.com/optimal/index-demo3.html]
[template.annimexweb.com/optimal/index-demo5.html]
[template.annimexweb.com/optimal/index-demo6.html]
[template.annimexweb.com/optimal/index-demo7.html]
[template.annimexweb.com/optimal/index-demo8.html]
[template.annimexweb.com/optimal/index-demo10.html]
[template.annimexweb.com/optimal/index-demo9.html]
[template.annimexweb.com/optimal/index-demo11.html]
[template.annimexweb.com/optimal/index-demo12.html]
[template.annimexweb.com/optimal/index-demo13.html]
[template.annimexweb.com/optimal/index-demo14.html]
[template.annimexweb.com/optimal/index-demo15.html]
[template.annimexweb.com/optimal/index-demo16.html]
[template.annimexweb.com/optimal/index-demo17.html]
[template.annimexweb.com/optimal/index-demo18.html]
[template.annimexweb.com/optimal/index-demo19.html]
[template.annimexweb.com/optimal/index-demo20.html]
[template.annimexweb.com/optimal/index-demo21.html]
[template.annimexweb.com/optimal/index-demo22.html]
[template.annimexweb.com/optimal/index-demo23.html]
[template.annimexweb.com/optimal/index-demo24.html]
[template.annimexweb.com/optimal/index-demo25.html]
[template.annimexweb.com/optimal/assets/images/megamenu/megamenu-banner8.webp]
[template.annimexweb.com/optimal/category-2columns.html]
[template.annimexweb.com/optimal/category-3columns.html]
[template.annimexweb.com/optimal/category-4columns.html]
[template.annimexweb.com/optimal/category-5columns.html]
[template.annimexweb.com/optimal/category-6columns.html]
[template.annimexweb.com/optimal/category-7columns.html]
[template.annimexweb.com/optimal/empty-category.html]
[template.annimexweb.com/optimal/shop-left-sidebar.html]
[template.annimexweb.com/optimal/shop-right-sidebar.html]
[template.annimexweb.com/optimal/shop-top-filter.html]
[template.annimexweb.com/optimal/shop-fullwidth.html]
[template.annimexweb.com/optimal/shop-no-sidebar.html]
[template.annimexweb.com/optimal/shop-listview-sidebar.html]
[template.annimexweb.com/optimal/shop-listview-drawer.html]
[template.annimexweb.com/optimal/shop-category-slideshow.html]
[template.annimexweb.com/optimal/shop-heading-with-banner.html]
[template.annimexweb.com/optimal/shop-sub-collections.html]
[template.annimexweb.com/optimal/shop-masonry-grid.html]
[template.annimexweb.com/optimal/shop-hover-info.html]
[template.annimexweb.com/optimal/shop-swatches-style.html]
[template.annimexweb.com/optimal/shop-grid-style.html]
[template.annimexweb.com/optimal/shop-search-results.html]
[template.annimexweb.com/optimal/my-wishlist-style2.html]
[template.annimexweb.com/optimal/compare-style2.html]
[template.annimexweb.com/optimal/cart-style2.html]
[template.annimexweb.com/optimal/checkout-style1.html]
[template.annimexweb.com/optimal/checkout-style2.html]
[template.annimexweb.com/optimal/checkout-success.html]
[template.annimexweb.com/optimal/assets/images/megamenu/megamenu-banner4-1.jpg]
[template.annimexweb.com/optimal/assets/images/megamenu/megamenu-banner4-2.jpg]
[template.annimexweb.com/optimal/assets/images/megamenu/megamenu-banner4-3.jpg]
[template.annimexweb.com/optimal/assets/images/megamenu/megamenu-banner4-4.jpg]
[template.annimexweb.com/optimal/product-standard.html]
[template.annimexweb.com/optimal/product-variable.html]
[template.annimexweb.com/optimal/product-grouped.html]
[template.annimexweb.com/optimal/product-external-affiliate.html]
[template.annimexweb.com/optimal/product-outofstock.html]
[template.annimexweb.com/optimal/product-layout1.html]
[template.annimexweb.com/optimal/product-layout2.html]
[template.annimexweb.com/optimal/product-accordian.html]
[template.annimexweb.com/optimal/prodcut-360-degree-view.html]
[template.annimexweb.com/optimal/product-layout3.html]
[template.annimexweb.com/optimal/product-layout4.html]
[template.annimexweb.com/optimal/product-layout5.html]
[template.annimexweb.com/optimal/product-layout6.html]
[template.annimexweb.com/optimal/product-layout7.html]
[template.annimexweb.com/optimal/product-tabs-left.html]
[template.annimexweb.com/optimal/product-tabs-center.html]
[template.annimexweb.com/optimal/brands-style2.html]
[template.annimexweb.com/optimal/assets/images/logo/brandlogo1.png]
[template.annimexweb.com/optimal/assets/images/logo/brandlogo2.png]
[template.annimexweb.com/optimal/assets/images/logo/brandlogo3.png]
[template.annimexweb.com/optimal/assets/images/logo/brandlogo4.png]
[template.annimexweb.com/optimal/assets/images/logo/brandlogo5.png]
[template.annimexweb.com/optimal/assets/images/logo/brandlogo6.png]
[template.annimexweb.com/optimal/assets/images/megamenu/megamenu-banner3.jpg]
[template.annimexweb.com/optimal/vendor-dashboard.html]
[template.annimexweb.com/optimal/vendor-profile.html]
[template.annimexweb.com/optimal/vendor-uploads.html]
[template.annimexweb.com/optimal/vendor-tracking.html]
[template.annimexweb.com/optimal/vendor-service.html]
[template.annimexweb.com/optimal/vendor-settings.html]
[template.annimexweb.com/optimal/email-template/email-order-success1.html]
[template.annimexweb.com/optimal/email-template/email-order-success2.html]
[template.annimexweb.com/optimal/email-template/email-invoice-template1.html]
[template.annimexweb.com/optimal/email-template/email-invoice-template2.html]
[template.annimexweb.com/optimal/email-template/email-forgot-password.html]
[template.annimexweb.com/optimal/email-template/email-confirmation.html]
[template.annimexweb.com/optimal/email-template/email-promotional1.html]
[template.annimexweb.com/optimal/email-template/email-promotional2.html]
[template.annimexweb.com/optimal/elements-typography.html]
[template.annimexweb.com/optimal/elements-buttons.html]
[template.annimexweb.com/optimal/elements-titles.html]
[template.annimexweb.com/optimal/elements-banner-styles.html]
[template.annimexweb.com/optimal/elements-testimonial.html]
[template.annimexweb.com/optimal/elements-accordions.html]
[template.annimexweb.com/optimal/elements-icons.html]
[template.annimexweb.com/optimal/elements-blog-posts.html]
[template.annimexweb.com/optimal/elements-product.html]
[template.annimexweb.com/optimal/elements-top-info-bar.html]
[template.annimexweb.com/optimal/elements-product-tab.html]
[template.annimexweb.com/optimal/elements-top-promo-bar.html]
[template.annimexweb.com/optimal/assets/images/megamenu/megamenu-store.png]
[template.annimexweb.com/optimal/assets/images/megamenu/megamenu-elements.png]
[template.annimexweb.com/optimal/assets/images/megamenu/megamenu-pages.png]
[template.annimexweb.com/optimal/assets/images/megamenu/megamenu-fast.png]
[template.annimexweb.com/optimal/aboutus-style1.html]
[template.annimexweb.com/optimal/aboutus-style2.html]
[template.annimexweb.com/optimal/aboutus-style3.html]
[template.annimexweb.com/optimal/contact-style1.html]
[template.annimexweb.com/optimal/contact-style2.html]
[template.annimexweb.com/optimal/lookbook-2columns.html]
[template.annimexweb.com/optimal/lookbook-3columns.html]
[template.annimexweb.com/optimal/lookbook-4columns.html]
[template.annimexweb.com/optimal/lookbook-5columns.html]
[template.annimexweb.com/optimal/lookbook-shop.html]
[template.annimexweb.com/optimal/faqs-style1.html]
[template.annimexweb.com/optimal/faqs-style2.html]
[template.annimexweb.com/optimal/brands-style1.html]
[template.annimexweb.com/optimal/my-account.html]
[template.annimexweb.com/optimal/login-sliding-style.html]
[template.annimexweb.com/optimal/forgot-password.html]
[template.annimexweb.com/optimal/change-password.html]
[template.annimexweb.com/optimal/empty-cart.html]
[template.annimexweb.com/optimal/empty-compare.html]
[template.annimexweb.com/optimal/empty-wishlist.html]
[template.annimexweb.com/optimal/empty-search.html]
[template.annimexweb.com/optimal/error-404.html]
[template.annimexweb.com/optimal/cms-page.html]
[template.annimexweb.com/optimal/coming-soon.html]
[template.annimexweb.com/optimal/blog-left-sidebar.html]
[template.annimexweb.com/optimal/blog-right-sidebar.html]
[template.annimexweb.com/optimal/blog-fullwidth.html]
[template.annimexweb.com/optimal/blog-masonry.html]
[template.annimexweb.com/optimal/blog-2columns.html]
[template.annimexweb.com/optimal/blog-3columns.html]
[template.annimexweb.com/optimal/blog-4columns.html]
[template.annimexweb.com/optimal/blog-single-post.html]
[template.annimexweb.com/optimal/assets/images/slideshow/demo1-banner1.jpg]
[template.annimexweb.com/optimal/assets/images/slideshow/demo1-banner1-m.jpg]
[template.annimexweb.com/optimal/assets/images/slideshow/demo1-banner2.jpg]
[template.annimexweb.com/optimal/assets/images/slideshow/demo1-banner2-m.jpg]
[template.annimexweb.com/optimal/assets/images/collection/demo1-banner1.webp]
[template.annimexweb.com/optimal/assets/images/collection/demo1-banner2.webp]
[template.annimexweb.com/optimal/assets/images/collection/demo1-banner3.webp]
[template.annimexweb.com/optimal/assets/images/products/product-6.jpg]
[template.annimexweb.com/optimal/assets/images/products/product-6-1.jpg]
[template.annimexweb.com/optimal/assets/images/products/product-7.jpg]
[template.annimexweb.com/optimal/assets/images/products/product-7-1.jpg]
[template.annimexweb.com/optimal/assets/images/products/product-8.jpg]
[template.annimexweb.com/optimal/assets/images/products/product-8-1.jpg]
[template.annimexweb.com/optimal/assets/images/products/product-9.jpg]
[template.annimexweb.com/optimal/assets/images/products/product-9-1.jpg]
[template.annimexweb.com/optimal/assets/images/products/product-10.jpg]
[template.annimexweb.com/optimal/assets/images/products/product-10-1.jpg]
[template.annimexweb.com/optimal/assets/images/products/product-11.jpg]
[template.annimexweb.com/optimal/assets/images/products/product-11-1.jpg]
[template.annimexweb.com/optimal/assets/images/products/product-21.jpg]
[template.annimexweb.com/optimal/assets/images/products/product-21-1.jpg]
[template.annimexweb.com/optimal/assets/images/products/product-22.jpg]
[template.annimexweb.com/optimal/assets/images/products/product-22-1.jpg]
[template.annimexweb.com/optimal/assets/images/testimonial-photo2.jpg]
[template.annimexweb.com/optimal/assets/images/testimonial-photo3.jpg]
[template.annimexweb.com/optimal/assets/images/testimonial-photo4.jpg]
[template.annimexweb.com/optimal/assets/images/testimonial-photo1.jpg]
[template.annimexweb.com/optimal/assets/images/products/product-1.jpg]
[template.annimexweb.com/optimal/assets/images/products/product-1-1.jpg]
[template.annimexweb.com/optimal/assets/images/products/product-2.jpg]
[template.annimexweb.com/optimal/assets/images/products/product-2-1.jpg]
[template.annimexweb.com/optimal/assets/images/products/product-3.jpg]
[template.annimexweb.com/optimal/assets/images/products/product-3-1.jpg]
[template.annimexweb.com/optimal/assets/images/products/product-4.jpg]
[template.annimexweb.com/optimal/assets/images/products/product-4-1.jpg]
[template.annimexweb.com/optimal/assets/images/products/product-5.jpg]
[template.annimexweb.com/optimal/assets/images/products/product-5-1.jpg]
[template.annimexweb.com/optimal/assets/images/collection/demo1-banner4.webp]
[template.annimexweb.com/optimal/assets/images/collection/demo1-banner5.webp]
[template.annimexweb.com/optimal/assets/images/blog/post-1.jpg]
[template.annimexweb.com/optimal/assets/images/blog/post-2.jpg]
[template.annimexweb.com/optimal/assets/images/blog/post-3.jpg]
[template.annimexweb.com/optimal/assets/images/footer-logo.png]
[template.annimexweb.com/optimal/privacy-policy.html]
[template.annimexweb.com/optimal/assets/images/payment.png]
[template.annimexweb.com/optimal/assets/images/products/cart-product-img1.jpg]
[template.annimexweb.com/optimal/assets/images/products/cart-product-img2.jpg]
[template.annimexweb.com/optimal/assets/images/products/product-5-2.jpg]
[template.annimexweb.com/optimal/assets/images/products/product-5-3.jpg]
[template.annimexweb.com/optimal/assets/images/products/product-5-4.jpg]
[template.annimexweb.com/optimal/assets/images/products/add-to-cart-popup.jpg]
[template.annimexweb.com/optimal/assets/images/newsletter-img.webp]
[template.annimexweb.com/optimal/assets/js/vendor/jquery-min.js]
[template.annimexweb.com/optimal/assets/js/vendor/js.cookie.js]
[template.annimexweb.com/optimal/assets/js/plugins.js]
[template.annimexweb.com/optimal/assets/js/main.js]
[template.annimexweb.com/optimal/index.html]
[template.annimexweb.com/optimal/assets/fonts/annimex-iconsdb80.ttf]
[template.annimexweb.com/optimal/assets/fonts/annimex-iconsdb80.woff]
[template.annimexweb.com/optimal/assets/fonts/annimex-iconsdb80.woff2]
[template.annimexweb.com/optimal/assets/images/default-skin.png]
[template.annimexweb.com/optimal/assets/images/ajax-loader.gif]
[template.annimexweb.com/optimal/assets/css/plugins.css]
[template.annimexweb.com/optimal/assets/images/arrow-select.png]
[template.annimexweb.com/optimal/assets/images/arrow-select-white.png]
[template.annimexweb.com/optimal/assets/images/demo9-testimonial.jpg]
[template.annimexweb.com/optimal/assets/images/demo10-ftr-newalatter.jpg]
[template.annimexweb.com/optimal/assets/images/christmas-newsbg.jpg]
[template.annimexweb.com/optimal/assets/images/parallax/demo27-testimonial-banner.jpg]
[template.annimexweb.com/optimal/assets/images/parallax/newsletter-bg.jpg]
[template.annimexweb.com/optimal/assets/images/testimonial-bg.jpg]
[template.annimexweb.com/optimal/assets/images/products/swatches/blue.jpg]
[template.annimexweb.com/optimal/assets/images/products/swatches/pink.jpg]
[template.annimexweb.com/optimal/assets/images/products/swatches/red.jpg]
[template.annimexweb.com/optimal/assets/images/products/swatches/yellow.jpg]
[template.annimexweb.com/optimal/assets/images/products/swatches/pink-1.jpg]
[template.annimexweb.com/optimal/assets/images/products/swatches/gray.jpg]
[template.annimexweb.com/optimal/assets/images/products/swatches/gold.jpg]
[template.annimexweb.com/optimal/assets/images/products/swatches/brown.jpg]
[template.annimexweb.com/optimal/assets/images/products/swatches/top-green-1.jpg]
[template.annimexweb.com/optimal/assets/images/products/swatches/top-peach-1.jpg]
[template.annimexweb.com/optimal/assets/images/products/swatches/top-white-1.jpg]
[template.annimexweb.com/optimal/assets/images/products/swatches/blue-red.jpg]
[template.annimexweb.com/optimal/assets/images/products/swatches/grey-black.jpg]
[template.annimexweb.com/optimal/assets/images/products/swatches/pink-black.jpg]
[template.annimexweb.com/optimal/assets/images/collection-banner/collection-banner.jpg]
[template.annimexweb.com/optimal/assets/images/collection-banner/clothing-banner.jpg]
[template.annimexweb.com/optimal/assets/images/collection-banner/fashion-collection.jpg]
[template.annimexweb.com/optimal/assets/images/collection-banner/watch-banner.jpg]
[template.annimexweb.com/optimal/assets/images/about/aboutus-3.jpg]
[template.annimexweb.com/optimal/assets/images/coming-soon.jpg]
[template.annimexweb.com/optimal/assets/images/newsletter-s3-img.jpg]
[template.annimexweb.com/optimal/assets/images/demo5-footerbg.jpg]
[template.annimexweb.com/optimal/assets/images/snowballs-sm.png]
[template.annimexweb.com/optimal/assets/images/snowballs-lg.png]
[template.annimexweb.com/optimal/assets/images/snowballs-md.png]
[template.annimexweb.com/optimal/assets/images/snow-1.png]
[template.annimexweb.com/optimal/assets/images/snow-2.png]
[template.annimexweb.com/optimal/assets/css/style.css]
[template.annimexweb.com/optimal/assets/css/responsive.css]
[template.annimexweb.com/optimal/assets/images/logo.svg]
[template.annimexweb.com/optimal/assets/images/megamenu/megamenu-banner8.png]
[template.annimexweb.com/optimal/my-wishlist.html]
[template.annimexweb.com/optimal/login.html]
[template.annimexweb.com/optimal/register.html]
[template.annimexweb.com/optimal/assets/images/products/product-9-2.jpg]
[template.annimexweb.com/optimal/assets/images/products/product-15-1.jpg]
[template.annimexweb.com/optimal/compare-style1.html]
[template.annimexweb.com/optimal/assets/images/products/product-15.jpg]
[template.annimexweb.com/optimal/assets/images/safepayment.png]
[template.annimexweb.com/optimal/cart-style1.html]
[template.annimexweb.com/optimal/assets/images/logo-demo2.png]
[template.annimexweb.com/optimal/assets/images/slideshow/demo2-banner1.jpg]
[template.annimexweb.com/optimal/assets/images/slideshow/demo2-banner1-m.jpg]
[template.annimexweb.com/optimal/assets/images/slideshow/demo2-banner2.jpg]
[template.annimexweb.com/optimal/assets/images/slideshow/demo2-banner2-m.jpg]
[template.annimexweb.com/optimal/assets/images/products/product-14.jpg]
[template.annimexweb.com/optimal/assets/images/products/product-14-1.jpg]
[template.annimexweb.com/optimal/assets/images/products/product-12.jpg]
[template.annimexweb.com/optimal/assets/images/products/product-12-1.jpg]
[template.annimexweb.com/optimal/assets/images/products/product-13.jpg]
[template.annimexweb.com/optimal/assets/images/products/product-13-1.jpg]
[template.annimexweb.com/optimal/assets/images/products/product-16.jpg]
[template.annimexweb.com/optimal/assets/images/products/product-16-1.jpg]
[template.annimexweb.com/optimal/assets/images/products/product-23.jpg]
[template.annimexweb.com/optimal/assets/images/products/product-23-1.jpg]
[template.annimexweb.com/optimal/assets/images/products/product-17.jpg]
[template.annimexweb.com/optimal/assets/images/products/product-17-1.jpg]
[template.annimexweb.com/optimal/assets/images/products/product-18.jpg]
[template.annimexweb.com/optimal/assets/images/products/product-18-1.jpg]
[template.annimexweb.com/optimal/assets/images/products/product-19.jpg]
[template.annimexweb.com/optimal/assets/images/products/product-19-1.jpg]
[template.annimexweb.com/optimal/assets/images/products/product-20.jpg]
[template.annimexweb.com/optimal/assets/images/products/product-20-1.jpg]
[template.annimexweb.com/optimal/assets/images/products/product-24.jpg]
[template.annimexweb.com/optimal/assets/images/products/product-24-1.jpg]
[template.annimexweb.com/optimal/assets/images/products/product-25.jpg]
[template.annimexweb.com/optimal/assets/images/products/product-25-1.jpg]
[template.annimexweb.com/optimal/assets/images/products/product-26.jpg]
[template.annimexweb.com/optimal/assets/images/products/product-26-1.jpg]
[template.annimexweb.com/optimal/assets/images/collection/demo2-ct-img1.jpg]
[template.annimexweb.com/optimal/assets/images/collection/demo2-ct-img2.jpg]
[template.annimexweb.com/optimal/assets/images/collection/demo2-ct-img3.jpg]
[template.annimexweb.com/optimal/assets/images/collection/demo2-ct-img4.jpg]
[template.annimexweb.com/optimal/assets/images/collection/demo2-ct-img5.jpg]
[template.annimexweb.com/optimal/assets/images/collection/demo2-ct-img6.jpg]
[template.annimexweb.com/optimal/assets/images/parallax/demo2-pl-banner.jpg]
[template.annimexweb.com/optimal/assets/images/instagram/ins-1.jpg]
[template.annimexweb.com/optimal/assets/images/instagram/ins-2.jpg]
[template.annimexweb.com/optimal/assets/images/instagram/ins-3.jpg]
[template.annimexweb.com/optimal/assets/images/instagram/ins-4.jpg]
[template.annimexweb.com/optimal/assets/images/instagram/ins-5.jpg]
[template.annimexweb.com/optimal/assets/images/instagram/ins-6.jpg]
[template.annimexweb.com/optimal/assets/images/instagram/ins-7.jpg]
[template.annimexweb.com/optimal/assets/images/instagram/ins-8.jpg]
[template.annimexweb.com/optimal/assets/images/ftr-logo-demo2.png]
[template.annimexweb.com/optimal/assets/images/newsletter-s2-img.jpg]
[template.annimexweb.com/optimal/index-demo2.html]
[template.annimexweb.com/optimal/assets/images/logo-demo6.png]
[template.annimexweb.com/optimal/assets/images/logo-sticky-demo3.png]
[template.annimexweb.com/optimal/assets/images/slideshow/demo3-banner1.jpg]
[template.annimexweb.com/optimal/assets/images/slideshow/demo3-banner1-m.jpg]
[template.annimexweb.com/optimal/assets/images/slideshow/demo3-banner2.jpg]
[template.annimexweb.com/optimal/assets/images/slideshow/demo3-banner2-m.jpg]
[template.annimexweb.com/optimal/assets/images/collection/demo3-ct-img1.jpg]
[template.annimexweb.com/optimal/assets/images/collection/demo3-ct-img2.jpg]
[template.annimexweb.com/optimal/assets/images/collection/demo3-ct-img3.jpg]
[template.annimexweb.com/optimal/product-layout-3.html]
[template.annimexweb.com/optimal/assets/images/content/featured-content-img1.jpg]
[template.annimexweb.com/optimal/assets/images/content/featured-content-img2.jpg]
[template.annimexweb.com/optimal/assets/images/content/featured-content-img3.jpg]
[template.annimexweb.com/optimal/assets/images/products/product-6-2.jpg]
[template.annimexweb.com/optimal/assets/images/products/product-6-4.jpg]
[template.annimexweb.com/optimal/assets/images/products/product-6-5.jpg]
[template.annimexweb.com/optimal/assets/images/products/product-6-6.jpg]
[template.annimexweb.com/optimal/index-demo3.html]
[template.annimexweb.com/optimal/assets/images/slideshow/demo4-banner1.jpg]
[template.annimexweb.com/optimal/assets/images/slideshow/demo4-banner1-m.jpg]
[template.annimexweb.com/optimal/assets/images/slideshow/demo4-banner2.jpg]
[template.annimexweb.com/optimal/assets/images/slideshow/demo4-banner2-m.jpg]
[template.annimexweb.com/optimal/assets/images/content/featured-content-img5.jpg]
[template.annimexweb.com/optimal/assets/images/content/featured-content-img6.jpg]
[template.annimexweb.com/optimal/assets/images/video-popup-bg.jpg]
[template.annimexweb.com/optimal/assets/images/instagram/ins-9.jpg]
[template.annimexweb.com/optimal/assets/images/instagram/ins-10.jpg]
[template.annimexweb.com/optimal/assets/images/instagram/ins-11.jpg]
[template.annimexweb.com/optimal/assets/images/instagram/ins-12.jpg]
[template.annimexweb.com/optimal/assets/images/instagram/ins-13.jpg]
[template.annimexweb.com/optimal/assets/images/instagram/ins-14.jpg]
[template.annimexweb.com/optimal/assets/images/instagram/ins-15.jpg]
[template.annimexweb.com/optimal/assets/images/instagram/ins-16.jpg]
[template.annimexweb.com/optimal/assets/images/instagram/ins-17.jpg]
[template.annimexweb.com/optimal/index-demo4.html]
[template.annimexweb.com/optimal/assets/images/slideshow/demo5-banner1.jpg]
[template.annimexweb.com/optimal/assets/images/slideshow/demo5-banner2.jpg]
[template.annimexweb.com/optimal/assets/images/collection/demo5-banner1.jpg]
[template.annimexweb.com/optimal/assets/images/collection/demo5-banner2.jpg]
[template.annimexweb.com/optimal/assets/images/collection/demo5-banner3.jpg]
[template.annimexweb.com/optimal/assets/images/products/kids-products1.jpg]
[template.annimexweb.com/optimal/assets/images/products/kids-products1-1.jpg]
[template.annimexweb.com/optimal/assets/images/products/kids-products2.jpg]
[template.annimexweb.com/optimal/assets/images/products/kids-products2-1.jpg]
[template.annimexweb.com/optimal/assets/images/products/kids-products3.jpg]
[template.annimexweb.com/optimal/assets/images/products/kids-products3-1.jpg]
[template.annimexweb.com/optimal/assets/images/products/kids-products4.jpg]
[template.annimexweb.com/optimal/assets/images/products/kids-products4-1.jpg]
[template.annimexweb.com/optimal/assets/images/products/kids-products5.jpg]
[template.annimexweb.com/optimal/assets/images/products/kids-products5-1.jpg]
[template.annimexweb.com/optimal/assets/images/products/kids-products6-1.jpg]
[template.annimexweb.com/optimal/assets/images/products/kids-products6.jpg]
[template.annimexweb.com/optimal/assets/images/products/kids-products7.jpg]
[template.annimexweb.com/optimal/assets/images/products/kids-products7-1.jpg]
[template.annimexweb.com/optimal/assets/images/products/kids-products8.jpg]
[template.annimexweb.com/optimal/assets/images/products/kids-products8-1.jpg]
[template.annimexweb.com/optimal/assets/images/parallax/demo5-sale-banner.jpg]
[template.annimexweb.com/optimal/assets/images/collection/demo5-age1.jpg]
[template.annimexweb.com/optimal/assets/images/collection/demo5-age2.jpg]
[template.annimexweb.com/optimal/assets/images/collection/demo5-age3.jpg]
[template.annimexweb.com/optimal/assets/images/collection/demo5-age4.jpg]
[template.annimexweb.com/optimal/assets/images/collection/demo5-age5.jpg]
[template.annimexweb.com/optimal/assets/images/collection/demo5-age6.jpg]
[template.annimexweb.com/optimal/assets/images/ftr-logo-demo5.png]
[template.annimexweb.com/optimal/index-demo5.html]
[template.annimexweb.com/optimal/assets/images/megamenu/collection-1.jpg]
[template.annimexweb.com/optimal/assets/images/megamenu/collection-2.jpg]
[template.annimexweb.com/optimal/assets/images/megamenu/collection-3.jpg]
[template.annimexweb.com/optimal/assets/images/megamenu/collection-4.jpg]
[template.annimexweb.com/optimal/assets/video/headphone.mp4]
[template.annimexweb.com/optimal/assets/images/parallax/demo6-banner-1.jpg]
[template.annimexweb.com/optimal/assets/images/parallax/demo6-banner-2.jpg]
[template.annimexweb.com/optimal/assets/images/parallax/demo6-banner-3.jpg]
[template.annimexweb.com/optimal/assets/images/products/product-27.jpg]
[template.annimexweb.com/optimal/assets/images/products/product-27-1.jpg]
[template.annimexweb.com/optimal/assets/images/products/product-27-2.jpg]
[template.annimexweb.com/optimal/assets/images/products/product-27-3.jpg]
[template.annimexweb.com/optimal/assets/images/products/product-27-4.jpg]
[template.annimexweb.com/optimal/assets/images/products/product-27-5.jpg]
[template.annimexweb.com/optimal/assets/images/products/product-27-6.jpg]
[template.annimexweb.com/optimal/assets/images/products/product-27-7.jpg]
[template.annimexweb.com/optimal/assets/images/icon-img/demo6-battery-status.png]
[template.annimexweb.com/optimal/assets/images/icon-img/demo6-speakers-bass.png]
[template.annimexweb.com/optimal/assets/images/icon-img/demo6-driver.png]
[template.annimexweb.com/optimal/assets/images/icon-img/demo6-headphones.png]
[template.annimexweb.com/optimal/assets/images/icon-img/demo6-bluetooth1.png]
[template.annimexweb.com/optimal/assets/images/icon-img/demo6-voice-control.png]
[template.annimexweb.com/optimal/assets/images/content/demo6-card-feature1.jpg]
[template.annimexweb.com/optimal/assets/images/content/demo6-card-feature2.jpg]
[template.annimexweb.com/optimal/assets/images/content/demo6-card-feature3.jpg]
[template.annimexweb.com/optimal/assets/images/content/demo6-image-with-text.jpg]
[template.annimexweb.com/optimal/assets/images/icon-img/demo6-volume.png]
[template.annimexweb.com/optimal/assets/images/icon-img/demo6-bluetooth.png]
[template.annimexweb.com/optimal/assets/images/icon-img/demo6-microphone.png]
[template.annimexweb.com/optimal/assets/images/icon-img/demo6-usb.png]
[template.annimexweb.com/optimal/assets/images/lookbook/demo6-lookbook1.jpg]
[template.annimexweb.com/optimal/assets/images/lookbook/demo6-lookbook2.jpg]
[template.annimexweb.com/optimal/assets/images/lookbook/demo6-lookbook3.jpg]
[template.annimexweb.com/optimal/assets/images/lookbook/demo6-lookbook4.jpg]
[template.annimexweb.com/optimal/assets/images/lookbook/demo6-lookbook5.jpg]
[template.annimexweb.com/optimal/assets/images/lookbook/demo6-lookbook6.jpg]
[template.annimexweb.com/optimal/assets/images/lookbook/demo6-lookbook7.jpg]
[template.annimexweb.com/optimal/assets/images/lookbook/demo6-lookbook8.jpg]
[template.annimexweb.com/optimal/assets/images/lookbook/demo6-lookbook9.jpg]
[template.annimexweb.com/optimal/assets/images/lookbook/demo6-lookbook10.jpg]
[template.annimexweb.com/optimal/assets/js/vendor/photoswipe.min.js]
[template.annimexweb.com/optimal/index-demo6.html]
[template.annimexweb.com/optimal/assets/images/logo-demo7.png]
[template.annimexweb.com/optimal/assets/images/slideshow/demo7-banner1.jpg]
[template.annimexweb.com/optimal/assets/images/collection/demo7-banner1.jpg]
[template.annimexweb.com/optimal/assets/images/collection/demo7-banner4.jpg]
[template.annimexweb.com/optimal/assets/images/collection/demo7-banner5.jpg]
[template.annimexweb.com/optimal/assets/images/collection/demo7-banner2.jpg]
[template.annimexweb.com/optimal/assets/images/collection/demo7-banner3.jpg]
[template.annimexweb.com/optimal/assets/images/collection/demo7-banner6.jpg]
[template.annimexweb.com/optimal/index-demo7.html]
[template.annimexweb.com/optimal/assets/images/slideshow/demo8-banner1.jpg]
[template.annimexweb.com/optimal/assets/images/slideshow/demo8-banner2.jpg]
[template.annimexweb.com/optimal/assets/images/content/demo8-content-img1.jpg]
[template.annimexweb.com/optimal/assets/images/content/demo8-content-img2.jpg]
[template.annimexweb.com/optimal/assets/images/content/demo8-content-img3.jpg]
[template.annimexweb.com/optimal/assets/images/content/demo8-content-img4.jpg]
[template.annimexweb.com/optimal/assets/images/collection/demo8-banner1.jpg]
[template.annimexweb.com/optimal/assets/images/collection/demo8-banner2.jpg]
[template.annimexweb.com/optimal/assets/images/collection/demo8-banner3.jpg]
[template.annimexweb.com/optimal/assets/images/parallax/demo8-banner1.jpg]
[template.annimexweb.com/optimal/index-demo8.html]
[template.annimexweb.com/optimal/assets/images/slideshow/demo9-banner1.jpg]
[template.annimexweb.com/optimal/assets/images/collection/demo9-banner1.jpg]
[template.annimexweb.com/optimal/assets/images/collection/demo9-banner2.jpg]
[template.annimexweb.com/optimal/assets/images/collection/demo9-banner3.jpg]
[template.annimexweb.com/optimal/assets/images/collection/demo9-banner4.jpg]
[template.annimexweb.com/optimal/assets/images/collection/demo9-banner5.jpg]
[template.annimexweb.com/optimal/assets/images/parallax/demo9-banner1.jpg]
[template.annimexweb.com/optimal/assets/images/lookbook/demo9-lookbook1.jpg]
[template.annimexweb.com/optimal/assets/images/lookbook/demo9-lookbook2.jpg]
[template.annimexweb.com/optimal/assets/images/lookbook/demo9-lookbook3.jpg]
[template.annimexweb.com/optimal/index-demo9.html]
[template.annimexweb.com/optimal/assets/images/megamenu/megamenu-offer-banner.jpg]
[template.annimexweb.com/optimal/assets/images/collection/demo10-banner1.jpg]
[template.annimexweb.com/optimal/assets/images/collection/demo10-banner2.jpg]
[template.annimexweb.com/optimal/assets/images/collection/demo10-banner3.jpg]
[template.annimexweb.com/optimal/assets/images/collection/demo10-banner4.jpg]
[template.annimexweb.com/optimal/assets/images/collection/demo10-banner5.jpg]
[template.annimexweb.com/optimal/assets/images/collection/demo10-banner6.jpg]
[template.annimexweb.com/optimal/assets/images/collection/demo10-banner7.jpg]
[template.annimexweb.com/optimal/assets/images/content/demo10-about.jpg]
[template.annimexweb.com/optimal/assets/images/collection/demo10-small-banner1.jpg]
[template.annimexweb.com/optimal/assets/images/collection/demo10-small-banner2.jpg]
[template.annimexweb.com/optimal/assets/images/collection/demo10-small-banner3.jpg]
[template.annimexweb.com/optimal/assets/images/collection/demo10-small-banner4.jpg]
[template.annimexweb.com/optimal/assets/images/collection/demo10-small-banner5.jpg]
[template.annimexweb.com/optimal/assets/images/collection/demo10-small-banner6.jpg]
[template.annimexweb.com/optimal/index-demo10.html]
[template.annimexweb.com/optimal/assets/images/slideshow/demo11-banner1.jpg]
[template.annimexweb.com/optimal/assets/images/slideshow/demo11-banner1-m.jpg]
[template.annimexweb.com/optimal/assets/images/slideshow/demo11-banner2.jpg]
[template.annimexweb.com/optimal/assets/images/slideshow/demo11-banner2-m.jpg]
[template.annimexweb.com/optimal/assets/images/collection/demo11-banner1.jpg]
[template.annimexweb.com/optimal/assets/images/collection/demo11-banner2.jpg]
[template.annimexweb.com/optimal/assets/images/collection/demo11-banner3.jpg]
[template.annimexweb.com/optimal/assets/images/collection/demo11-banner4.jpg]
[template.annimexweb.com/optimal/assets/images/collection/demo11-banner5.jpg]
[template.annimexweb.com/optimal/assets/images/products/pets-products1.jpg]
[template.annimexweb.com/optimal/assets/images/products/pets-products1-1.jpg]
[template.annimexweb.com/optimal/assets/images/products/pets-products2.jpg]
[template.annimexweb.com/optimal/assets/images/products/pets-products2-1.jpg]
[template.annimexweb.com/optimal/assets/images/products/pets-products3.jpg]
[template.annimexweb.com/optimal/assets/images/products/pets-products3-1.jpg]
[template.annimexweb.com/optimal/assets/images/products/pets-products4.jpg]
[template.annimexweb.com/optimal/assets/images/products/pets-products4-1.jpg]
[template.annimexweb.com/optimal/assets/images/products/pets-products5.jpg]
[template.annimexweb.com/optimal/assets/images/products/pets-products5-1.jpg]
[template.annimexweb.com/optimal/assets/images/products/pets-products6.jpg]
[template.annimexweb.com/optimal/assets/images/products/pets-products6-1.jpg]
[template.annimexweb.com/optimal/assets/images/products/pets-products7.jpg]
[template.annimexweb.com/optimal/assets/images/products/pets-products7-1.jpg]
[template.annimexweb.com/optimal/assets/images/products/pets-products8.jpg]
[template.annimexweb.com/optimal/assets/images/products/pets-products8-1.jpg]
[template.annimexweb.com/optimal/assets/images/content/demo11-content-img1.jpg]
[template.annimexweb.com/optimal/assets/images/collection/demo11-cf-banner1.jpg]
[template.annimexweb.com/optimal/assets/images/collection/demo11-cf-banner2.jpg]
[template.annimexweb.com/optimal/assets/images/collection/demo11-cf-banner3.jpg]
[template.annimexweb.com/optimal/assets/images/collection/demo11-cf-banner4.jpg]
[template.annimexweb.com/optimal/assets/images/collection/demo11-cf-banner5.jpg]
[template.annimexweb.com/optimal/assets/images/collection/demo11-cf-banner6.jpg]
[template.annimexweb.com/optimal/assets/images/collection/demo11-cf-banner7.jpg]
[template.annimexweb.com/optimal/assets/images/collection/demo11-cf-banner8.jpg]
[template.annimexweb.com/optimal/assets/images/collection/demo11-cf-banner9.jpg]
[template.annimexweb.com/optimal/assets/images/collection/demo11-cf-banner10.jpg]
[template.annimexweb.com/optimal/index-demo11.html]
[template.annimexweb.com/optimal/assets/images/slideshow/demo12-banner1.jpg]
[template.annimexweb.com/optimal/assets/images/slideshow/demo12-banner2.jpg]
[template.annimexweb.com/optimal/assets/images/collection/demo12-banner1.jpg]
[template.annimexweb.com/optimal/assets/images/collection/demo12-banner2.jpg]
[template.annimexweb.com/optimal/assets/images/collection/demo12-banner3.jpg]
[template.annimexweb.com/optimal/assets/images/collection/demo12-pc-banner1.jpg]
[template.annimexweb.com/optimal/assets/images/collection/demo12-pc-banner2.jpg]
[template.annimexweb.com/optimal/assets/images/collection/demo12-pc-banner3.jpg]
[template.annimexweb.com/optimal/assets/images/collection/demo12-pc-banner4.jpg]
[template.annimexweb.com/optimal/assets/images/collection/demo12-pc-banner5.jpg]
[template.annimexweb.com/optimal/assets/images/collection/demo12-pc-banner6.jpg]
[template.annimexweb.com/optimal/assets/images/collection-banner/demo12-sale-banner.jpg]
[template.annimexweb.com/optimal/assets/images/products/parts-product1.jpg]
[template.annimexweb.com/optimal/assets/images/products/parts-product1-1.jpg]
[template.annimexweb.com/optimal/assets/images/products/parts-product2.jpg]
[template.annimexweb.com/optimal/assets/images/products/parts-product2-1.jpg]
[template.annimexweb.com/optimal/assets/images/products/parts-product3.jpg]
[template.annimexweb.com/optimal/assets/images/products/parts-product3-1.jpg]
[template.annimexweb.com/optimal/assets/images/products/parts-product4.jpg]
[template.annimexweb.com/optimal/assets/images/products/parts-product4-1.jpg]
[template.annimexweb.com/optimal/assets/images/products/parts-product5.jpg]
[template.annimexweb.com/optimal/assets/images/products/parts-product5-1.jpg]
[template.annimexweb.com/optimal/assets/images/products/parts-product6.jpg]
[template.annimexweb.com/optimal/assets/images/products/parts-product6-1.jpg]
[template.annimexweb.com/optimal/assets/images/parallax/demo12-banner1.jpg]
[template.annimexweb.com/optimal/assets/images/collection/demo12-mid-banner1.jpg]
[template.annimexweb.com/optimal/assets/images/collection/demo12-mid-banner2.jpg]
[template.annimexweb.com/optimal/index-demo12.html]
[template.annimexweb.com/optimal/assets/images/logo-demo13.jpg]
[template.annimexweb.com/optimal/assets/images/slideshow/demo13-banner1.jpg]
[template.annimexweb.com/optimal/assets/images/slideshow/demo13-banner2.jpg]
[template.annimexweb.com/optimal/assets/images/slideshow/demo13-banner3.jpg]
[template.annimexweb.com/optimal/assets/images/products/watch-product1.jpg]
[template.annimexweb.com/optimal/assets/images/products/watch-product1-1.jpg]
[template.annimexweb.com/optimal/assets/images/products/watch-product2.jpg]
[template.annimexweb.com/optimal/assets/images/products/watch-product2-1.jpg]
[template.annimexweb.com/optimal/assets/images/products/watch-product3.jpg]
[template.annimexweb.com/optimal/assets/images/products/watch-product3-1.jpg]
[template.annimexweb.com/optimal/assets/images/products/watch-product4.jpg]
[template.annimexweb.com/optimal/assets/images/products/watch-product4-1.jpg]
[template.annimexweb.com/optimal/assets/images/products/watch-product5.jpg]
[template.annimexweb.com/optimal/assets/images/products/watch-product5-1.jpg]
[template.annimexweb.com/optimal/assets/images/collection/demo13-banner1.jpg]
[template.annimexweb.com/optimal/assets/images/collection/demo13-banner2.jpg]
[template.annimexweb.com/optimal/assets/images/collection/demo13-banner3.jpg]
[template.annimexweb.com/optimal/assets/images/collection/demo13-banner4.jpg]
[template.annimexweb.com/optimal/assets/images/collection/demo13-banner5.jpg]
[template.annimexweb.com/optimal/assets/images/collection/demo13-banner6.jpg]
[template.annimexweb.com/optimal/assets/images/products/watch-product6.jpg]
[template.annimexweb.com/optimal/assets/images/products/watch-product6-1.jpg]
[template.annimexweb.com/optimal/assets/images/products/watch-product7.jpg]
[template.annimexweb.com/optimal/assets/images/products/watch-product7-1.jpg]
[template.annimexweb.com/optimal/assets/images/products/watch-product8.jpg]
[template.annimexweb.com/optimal/assets/images/products/watch-product8-1.jpg]
[template.annimexweb.com/optimal/assets/images/demo13-promo-bg1.jpg]
[template.annimexweb.com/optimal/assets/images/demo13-promo-bg2.jpg]
[template.annimexweb.com/optimal/index-demo13.html]
[template.annimexweb.com/optimal/+46647749940]
[template.annimexweb.com/optimal/assets/images/logo-demo14.png]
[template.annimexweb.com/optimal/assets/images/collection/demo14-banner1.jpg]
[template.annimexweb.com/optimal/assets/images/collection/demo14-banner2.jpg]
[template.annimexweb.com/optimal/assets/images/collection/demo14-banner3.jpg]
[template.annimexweb.com/optimal/assets/images/products/vegetable-product1.jpg]
[template.annimexweb.com/optimal/assets/images/products/vegetable-product2.jpg]
[template.annimexweb.com/optimal/assets/images/products/vegetable-product3.jpg]
[template.annimexweb.com/optimal/assets/images/products/vegetable-product4.jpg]
[template.annimexweb.com/optimal/assets/images/products/vegetable-product5.jpg]
[template.annimexweb.com/optimal/assets/images/products/fruit-product1.jpg]
[template.annimexweb.com/optimal/assets/images/products/fruit-product2.jpg]
[template.annimexweb.com/optimal/assets/images/products/fruit-product3.jpg]
[template.annimexweb.com/optimal/assets/images/products/fruit-product4.jpg]
[template.annimexweb.com/optimal/assets/images/products/fruit-product5.jpg]
[template.annimexweb.com/optimal/assets/images/products/meat-product1.jpg]
[template.annimexweb.com/optimal/assets/images/products/meat-product2.jpg]
[template.annimexweb.com/optimal/assets/images/products/meat-product3.jpg]
[template.annimexweb.com/optimal/assets/images/products/meat-product4.jpg]
[template.annimexweb.com/optimal/assets/images/collection/demo14-banner4.jpg]
[template.annimexweb.com/optimal/assets/images/collection/demo14-banner5.jpg]
[template.annimexweb.com/optimal/assets/images/parallax/demo14-banner1.jpg]
[template.annimexweb.com/optimal/assets/images/collection/demo14-pc-banner1.jpg]
[template.annimexweb.com/optimal/assets/images/collection/demo14-pc-banner2.jpg]
[template.annimexweb.com/optimal/assets/images/collection/demo14-pc-banner3.jpg]
[template.annimexweb.com/optimal/assets/images/collection/demo14-pc-banner4.jpg]
[template.annimexweb.com/optimal/assets/images/collection/demo14-pc-banner5.jpg]
[template.annimexweb.com/optimal/assets/images/collection/demo14-pc-banner6.jpg]
[template.annimexweb.com/optimal/assets/images/collection/demo14-pc-banner7.jpg]
[template.annimexweb.com/optimal/assets/images/content/demo14-content-img1.jpg]
[template.annimexweb.com/optimal/assets/images/icon-img/demo14-growing.png]
[template.annimexweb.com/optimal/assets/images/icon-img/demo14-no-sodium.png]
[template.annimexweb.com/optimal/assets/images/icon-img/demo14-ecologincal.png]
[template.annimexweb.com/optimal/assets/images/icon-img/demo14-organic.png]
[template.annimexweb.com/optimal/assets/images/icon-img/demo14-watering.png]
[template.annimexweb.com/optimal/assets/images/icon-img/demo14-friendly.png]
[template.annimexweb.com/optimal/index-demo14.html]
[template.annimexweb.com/optimal/assets/images/slideshow/demo15-banner1.jpg]
[template.annimexweb.com/optimal/assets/images/collection/demo15-ch-banner1.jpg]
[template.annimexweb.com/optimal/assets/images/collection/demo15-ch-banner2.jpg]
[template.annimexweb.com/optimal/assets/images/collection/demo15-ch-banner3.jpg]
[template.annimexweb.com/optimal/assets/images/collection/demo15-ch-banner4.jpg]
[template.annimexweb.com/optimal/assets/images/collection/demo15-ch-banner5.jpg]
[template.annimexweb.com/optimal/assets/images/collection/demo15-ch-banner6.jpg]
[template.annimexweb.com/optimal/assets/images/collection/demo15-ch-banner7.jpg]
[template.annimexweb.com/optimal/assets/images/content/demo15-content-img1.jpg]
[template.annimexweb.com/optimal/assets/images/content/demo15-content-img2.jpg]
[template.annimexweb.com/optimal/assets/images/products/christmas-product1.jpg]
[template.annimexweb.com/optimal/assets/images/products/christmas-product1-1.jpg]
[template.annimexweb.com/optimal/assets/images/products/christmas-product2.jpg]
[template.annimexweb.com/optimal/assets/images/products/christmas-product2-1.jpg]
[template.annimexweb.com/optimal/assets/images/products/christmas-product3.jpg]
[template.annimexweb.com/optimal/assets/images/products/christmas-product3-1.jpg]
[template.annimexweb.com/optimal/assets/images/products/christmas-product4.jpg]
[template.annimexweb.com/optimal/assets/images/products/christmas-product4-1.jpg]
[template.annimexweb.com/optimal/assets/images/products/christmas-product5.jpg]
[template.annimexweb.com/optimal/assets/images/products/christmas-product5-1.jpg]
[template.annimexweb.com/optimal/assets/images/products/christmas-product6-1.jpg]
[template.annimexweb.com/optimal/assets/images/products/christmas-product6.jpg]
[template.annimexweb.com/optimal/assets/images/products/christmas-product7.jpg]
[template.annimexweb.com/optimal/assets/images/products/christmas-product7-1.jpg]
[template.annimexweb.com/optimal/assets/images/products/christmas-product8.jpg]
[template.annimexweb.com/optimal/assets/images/products/christmas-product8-1.jpg]
[template.annimexweb.com/optimal/assets/images/collection/demo15-banner1.jpg]
[template.annimexweb.com/optimal/assets/images/collection/demo15-banner2.jpg]
[template.annimexweb.com/optimal/assets/images/collection/demo15-banner3.jpg]
[template.annimexweb.com/optimal/assets/images/collection/demo15-banner4.jpg]
[template.annimexweb.com/optimal/assets/images/lookbook/demo15-lookbook1.jpg]
[template.annimexweb.com/optimal/assets/images/lookbook/demo15-lookbook2.jpg]
[template.annimexweb.com/optimal/assets/images/lookbook/demo15-lookbook3.jpg]
[template.annimexweb.com/optimal/assets/images/lookbook/demo15-lookbook4.jpg]
[template.annimexweb.com/optimal/assets/images/lookbook/demo15-lookbook5.jpg]
[template.annimexweb.com/optimal/assets/images/lookbook/demo15-lookbook6.jpg]
[template.annimexweb.com/optimal/assets/images/lookbook/demo15-lookbook7.jpg]
[template.annimexweb.com/optimal/assets/images/lookbook/demo15-lookbook8.jpg]
[template.annimexweb.com/optimal/assets/images/lookbook/demo15-lookbook9.jpg]
[template.annimexweb.com/optimal/assets/images/lookbook/demo15-lookbook10.jpg]
[template.annimexweb.com/optimal/assets/images/lookbook/demo15-lookbook11.jpg]
[template.annimexweb.com/optimal/assets/images/lookbook/demo15-lookbook12.jpg]
[template.annimexweb.com/optimal/index-demo15.html]
[template.annimexweb.com/optimal/assets/images/slideshow/demo16-banner1.jpg]
[template.annimexweb.com/optimal/assets/images/slideshow/demo16-banner2.jpg]
[template.annimexweb.com/optimal/assets/images/collection/demo16-banner1.jpg]
[template.annimexweb.com/optimal/assets/images/collection/demo16-banner2.jpg]
[template.annimexweb.com/optimal/assets/images/collection/demo16-banner3.jpg]
[template.annimexweb.com/optimal/assets/images/collection/demo16-banner4.jpg]
[template.annimexweb.com/optimal/assets/images/collection/demo16-banner5.jpg]
[template.annimexweb.com/optimal/assets/images/products/phone-product1.jpg]
[template.annimexweb.com/optimal/assets/images/products/phone-product1-1.jpg]
[template.annimexweb.com/optimal/assets/images/products/phone-product2.jpg]
[template.annimexweb.com/optimal/assets/images/products/phone-product2-1.jpg]
[template.annimexweb.com/optimal/assets/images/products/phone-product3.jpg]
[template.annimexweb.com/optimal/assets/images/products/phone-product3-1.jpg]
[template.annimexweb.com/optimal/assets/images/products/phone-product4.jpg]
[template.annimexweb.com/optimal/assets/images/products/phone-product4-1.jpg]
[template.annimexweb.com/optimal/assets/images/products/phone-product5.jpg]
[template.annimexweb.com/optimal/assets/images/products/phone-product5-1.jpg]
[template.annimexweb.com/optimal/assets/images/products/phone-product6.jpg]
[template.annimexweb.com/optimal/assets/images/products/phone-product6-1.jpg]
[template.annimexweb.com/optimal/assets/images/products/phone-product7.jpg]
[template.annimexweb.com/optimal/assets/images/products/phone-product7-1.jpg]
[template.annimexweb.com/optimal/assets/images/products/phone-product8.jpg]
[template.annimexweb.com/optimal/assets/images/products/phone-product8-1.jpg]
[template.annimexweb.com/optimal/assets/images/collection/demo16-large-banner1.jpg]
[template.annimexweb.com/optimal/assets/images/collection/demo16-large-banner2.jpg]
[template.annimexweb.com/optimal/index-demo16.html]
[template.annimexweb.com/optimal/assets/images/logo-demo17-1.png]
[template.annimexweb.com/optimal/assets/images/logo-demo17-2.png]
[template.annimexweb.com/optimal/assets/video/jewelry.mp4]
[template.annimexweb.com/optimal/assets/images/icon-img/demo17-round.png]
[template.annimexweb.com/optimal/assets/images/icon-img/demo17-heart.png]
[template.annimexweb.com/optimal/assets/images/icon-img/demo17-emerald.png]
[template.annimexweb.com/optimal/assets/images/icon-img/demo17-ovel.png]
[template.annimexweb.com/optimal/assets/images/icon-img/demo17-pear.png]
[template.annimexweb.com/optimal/assets/images/icon-img/demo17-radiant.png]
[template.annimexweb.com/optimal/assets/images/icon-img/demo17-princess.png]
[template.annimexweb.com/optimal/assets/images/icon-img/demo17-cusion.png]
[template.annimexweb.com/optimal/assets/images/collection/demo17-banner1.jpg]
[template.annimexweb.com/optimal/assets/images/collection/demo17-banner2.jpg]
[template.annimexweb.com/optimal/assets/images/collection/demo17-banner3.jpg]
[template.annimexweb.com/optimal/assets/images/products/jewelry-product1.jpg]
[template.annimexweb.com/optimal/assets/images/products/jewelry-product1-1.jpg]
[template.annimexweb.com/optimal/assets/images/products/jewelry-product2.jpg]
[template.annimexweb.com/optimal/assets/images/products/jewelry-product2-1.jpg]
[template.annimexweb.com/optimal/assets/images/products/jewelry-product3.jpg]
[template.annimexweb.com/optimal/assets/images/products/jewelry-product3-1.jpg]
[template.annimexweb.com/optimal/assets/images/products/jewelry-product4.jpg]
[template.annimexweb.com/optimal/assets/images/products/jewelry-product4-1.jpg]
[template.annimexweb.com/optimal/assets/images/products/jewelry-product5.jpg]
[template.annimexweb.com/optimal/assets/images/products/jewelry-product5-1.jpg]
[template.annimexweb.com/optimal/assets/images/content/demo17-content-img1.jpg]
[template.annimexweb.com/optimal/assets/images/collection/demo17-banner4.jpg]
[template.annimexweb.com/optimal/assets/images/collection/demo17-banner5.jpg]
[template.annimexweb.com/optimal/index-demo17.html]
[template.annimexweb.com/optimal/assets/images/slideshow/demo18-banner1.jpg]
[template.annimexweb.com/optimal/assets/images/slideshow/demo18-banner2.jpg]
[template.annimexweb.com/optimal/assets/images/products/bag-product1.jpg]
[template.annimexweb.com/optimal/assets/images/products/bag-product1-1.jpg]
[template.annimexweb.com/optimal/assets/images/products/bag-product2.jpg]
[template.annimexweb.com/optimal/assets/images/products/bag-product2-1.jpg]
[template.annimexweb.com/optimal/assets/images/products/bag-product3.jpg]
[template.annimexweb.com/optimal/assets/images/products/bag-product3-1.jpg]
[template.annimexweb.com/optimal/assets/images/products/bag-product4.jpg]
[template.annimexweb.com/optimal/assets/images/products/bag-product4-1.jpg]
[template.annimexweb.com/optimal/assets/images/products/bag-product5.jpg]
[template.annimexweb.com/optimal/assets/images/products/bag-product5-1.jpg]
[template.annimexweb.com/optimal/assets/images/products/bag-product6.jpg]
[template.annimexweb.com/optimal/assets/images/products/bag-product6-1.jpg]
[template.annimexweb.com/optimal/assets/images/products/bag-product7-1.jpg]
[template.annimexweb.com/optimal/assets/images/products/bag-product8.jpg]
[template.annimexweb.com/optimal/assets/images/products/bag-product8-1.jpg]
[template.annimexweb.com/optimal/assets/images/products/bag-product9.jpg]
[template.annimexweb.com/optimal/assets/images/products/bag-product9-1.jpg]
[template.annimexweb.com/optimal/assets/images/products/bag-product10.jpg]
[template.annimexweb.com/optimal/assets/images/products/bag-product10-1.jpg]
[template.annimexweb.com/optimal/assets/images/products/bag-product11.jpg]
[template.annimexweb.com/optimal/assets/images/products/bag-product11-1.jpg]
[template.annimexweb.com/optimal/assets/images/products/bag-product12.jpg]
[template.annimexweb.com/optimal/assets/images/products/bag-product12-1.jpg]
[template.annimexweb.com/optimal/assets/images/collection/demo18-banner1.jpg]
[template.annimexweb.com/optimal/assets/images/collection/demo18-banner2.jpg]
[template.annimexweb.com/optimal/assets/images/collection/demo18-banner3.jpg]
[template.annimexweb.com/optimal/assets/images/collection/demo18-banner4.jpg]
[template.annimexweb.com/optimal/assets/images/collection/demo18-banner5.jpg]
[template.annimexweb.com/optimal/assets/images/collection/demo18-banner7.jpg]
[template.annimexweb.com/optimal/assets/images/collection/demo18-banner6.jpg]
[template.annimexweb.com/optimal/index-demo18.html]
[template.annimexweb.com/optimal/assets/images/slideshow/demo19-banner1.jpg]
[template.annimexweb.com/optimal/assets/images/collection/demo19-banner1.jpg]
[template.annimexweb.com/optimal/assets/images/collection/demo19-banner2.jpg]
[template.annimexweb.com/optimal/assets/images/collection/demo19-banner3.jpg]
[template.annimexweb.com/optimal/assets/images/collection/demo19-banner4.jpg]
[template.annimexweb.com/optimal/assets/images/collection/demo19-banner5.jpg]
[template.annimexweb.com/optimal/assets/images/collection/demo19-banner6.jpg]
[template.annimexweb.com/optimal/assets/images/collection/demo19-banner7.jpg]
[template.annimexweb.com/optimal/assets/images/collection/demo19-banner8.jpg]
[template.annimexweb.com/optimal/assets/images/products/swimwear-product1.jpg]
[template.annimexweb.com/optimal/assets/images/products/swimwear-product1-1.jpg]
[template.annimexweb.com/optimal/assets/images/products/swimwear-product2.jpg]
[template.annimexweb.com/optimal/assets/images/products/swimwear-product2-1.jpg]
[template.annimexweb.com/optimal/assets/images/products/swimwear-product3.jpg]
[template.annimexweb.com/optimal/assets/images/products/swimwear-product3-1.jpg]
[template.annimexweb.com/optimal/assets/images/products/swimwear-product4.jpg]
[template.annimexweb.com/optimal/assets/images/products/swimwear-product4-1.jpg]
[template.annimexweb.com/optimal/assets/images/products/swimwear-product5.jpg]
[template.annimexweb.com/optimal/assets/images/products/swimwear-product5-1.jpg]
[template.annimexweb.com/optimal/assets/images/parallax/demo19-banner1.jpg]
[template.annimexweb.com/optimal/assets/images/collection/demo19-banner9.jpg]
[template.annimexweb.com/optimal/assets/images/collection/demo19-banner10.jpg]
[template.annimexweb.com/optimal/assets/images/collection/demo19-banner11.jpg]
[template.annimexweb.com/optimal/index-demo19.html]
[template.annimexweb.com/optimal/assets/images/logo-demo20.png]
[template.annimexweb.com/optimal/assets/images/megamenu/demo20-bedding.jpg]
[template.annimexweb.com/optimal/assets/images/megamenu/demo20-kids-fur.jpg]
[template.annimexweb.com/optimal/assets/images/megamenu/demo20-shoes-rack.jpg]
[template.annimexweb.com/optimal/assets/images/megamenu/demo20-bathlines.jpg]
[template.annimexweb.com/optimal/assets/images/products/furniture-product1.jpg]
[template.annimexweb.com/optimal/assets/images/products/furniture-product2.jpg]
[template.annimexweb.com/optimal/assets/images/products/furniture-product2-1.jpg]
[template.annimexweb.com/optimal/assets/images/products/furniture-product3.jpg]
[template.annimexweb.com/optimal/assets/images/products/furniture-product3-1.jpg]
[template.annimexweb.com/optimal/assets/images/products/furniture-product4.jpg]
[template.annimexweb.com/optimal/assets/images/products/furniture-product4-1.jpg]
[template.annimexweb.com/optimal/assets/images/slideshow/demo20-banner1.jpg]
[template.annimexweb.com/optimal/assets/images/icon-img/demo20-quality.jpg]
[template.annimexweb.com/optimal/assets/images/icon-img/demo20-maintance.jpg]
[template.annimexweb.com/optimal/assets/images/icon-img/demo20-happy.jpg]
[template.annimexweb.com/optimal/assets/images/icon-img/demo20-award.jpg]
[template.annimexweb.com/optimal/assets/images/collection/demo20-dining-set.jpg]
[template.annimexweb.com/optimal/assets/images/collection/demo20-modular-furniture.jpg]
[template.annimexweb.com/optimal/assets/images/collection/demo20-sofa-cumbed.jpg]
[template.annimexweb.com/optimal/assets/images/products/furniture-product1-1.jpg]
[template.annimexweb.com/optimal/assets/images/products/furniture-product5.jpg]
[template.annimexweb.com/optimal/assets/images/products/furniture-product5-1.jpg]
[template.annimexweb.com/optimal/assets/images/collection/demo20-carpet.jpg]
[template.annimexweb.com/optimal/assets/images/collection/demo20-matress.jpg]
[template.annimexweb.com/optimal/assets/images/collection/demo20-book.jpg]
[template.annimexweb.com/optimal/assets/images/collection/demo20-study-table.jpg]
[template.annimexweb.com/optimal/assets/images/collection/demo20-light.jpg]
[template.annimexweb.com/optimal/assets/images/collection/demo20-traditional.jpg]
[template.annimexweb.com/optimal/assets/images/collection/demo20-home-decor.jpg]
[template.annimexweb.com/optimal/index-demo20.html]
[template.annimexweb.com/optimal/assets/images/products/party-supplies-product1.jpg]
[template.annimexweb.com/optimal/assets/images/products/party-supplies-product1-1.jpg]
[template.annimexweb.com/optimal/assets/images/products/party-supplies-product2.jpg]
[template.annimexweb.com/optimal/assets/images/products/party-supplies-product2-1.jpg]
[template.annimexweb.com/optimal/assets/images/products/party-supplies-product3.jpg]
[template.annimexweb.com/optimal/assets/images/products/party-supplies-product3-1.jpg]
[template.annimexweb.com/optimal/assets/images/products/party-supplies-product4.jpg]
[template.annimexweb.com/optimal/assets/images/products/party-supplies-product4-1.jpg]
[template.annimexweb.com/optimal/assets/images/products/party-supplies-product5.jpg]
[template.annimexweb.com/optimal/assets/images/products/party-supplies-product5-1.jpg]
[template.annimexweb.com/optimal/assets/images/products/party-supplies-product6-1.jpg]
[template.annimexweb.com/optimal/assets/images/products/party-supplies-product6.jpg]
[template.annimexweb.com/optimal/assets/images/megamenu/demo21-birthday-boy.jpg]
[template.annimexweb.com/optimal/assets/images/slideshow/demo21-banner1.jpg]
[template.annimexweb.com/optimal/assets/images/collection/demo21-firs-birth.jpg]
[template.annimexweb.com/optimal/assets/images/collection/demo21-babyshower.jpg]
[template.annimexweb.com/optimal/assets/images/products/party-supplies-product7.jpg]
[template.annimexweb.com/optimal/assets/images/products/party-supplies-product7-1.jpg]
[template.annimexweb.com/optimal/assets/images/products/party-supplies-product8.jpg]
[template.annimexweb.com/optimal/assets/images/products/party-supplies-product8-1.jpg]
[template.annimexweb.com/optimal/assets/images/collection/demo21-birthday-boy.jpg]
[template.annimexweb.com/optimal/assets/images/collection/demo21-birthday-girl.jpg]
[template.annimexweb.com/optimal/assets/images/collection/demo21-bold-ballon.jpg]
[template.annimexweb.com/optimal/assets/images/collection/demo21-party-costume.jpg]
[template.annimexweb.com/optimal/assets/images/collection/demo21-party-pop.jpg]
[template.annimexweb.com/optimal/assets/images/collection/demo21-photobooth.jpg]
[template.annimexweb.com/optimal/assets/images/collection/demo21-candy.jpg]
[template.annimexweb.com/optimal/assets/images/collection/demo21-party-mask.jpg]
[template.annimexweb.com/optimal/index-demo21.html]
[template.annimexweb.com/optimal/assets/images/products/digital-product1.jpg]
[template.annimexweb.com/optimal/assets/images/products/digital-product1-1.jpg]
[template.annimexweb.com/optimal/assets/images/products/digital-product2.jpg]
[template.annimexweb.com/optimal/assets/images/products/digital-product2-1.jpg]
[template.annimexweb.com/optimal/assets/images/products/digital-product3.jpg]
[template.annimexweb.com/optimal/assets/images/products/digital-product3-1.jpg]
[template.annimexweb.com/optimal/assets/images/products/digital-product4.jpg]
[template.annimexweb.com/optimal/assets/images/products/digital-product4-1.jpg]
[template.annimexweb.com/optimal/assets/images/products/digital-product5.jpg]
[template.annimexweb.com/optimal/assets/images/products/digital-product5-1.jpg]
[template.annimexweb.com/optimal/assets/images/products/digital-product6.jpg]
[template.annimexweb.com/optimal/assets/images/products/digital-product6-1.jpg]
[template.annimexweb.com/optimal/assets/images/slideshow/demo22-banner1.jpg]
[template.annimexweb.com/optimal/assets/images/slideshow/demo22-banner2.jpg]
[template.annimexweb.com/optimal/assets/images/content/demo22-smartwatch.jpg]
[template.annimexweb.com/optimal/assets/images/content/demo22-earbud.jpg]
[template.annimexweb.com/optimal/assets/images/content/demo22-headphone.jpg]
[template.annimexweb.com/optimal/assets/images/content/demo22-phone.jpg]
[template.annimexweb.com/optimal/assets/images/products/digital-product7.jpg]
[template.annimexweb.com/optimal/assets/images/products/digital-product7-1.jpg]
[template.annimexweb.com/optimal/assets/images/products/digital-product8.jpg]
[template.annimexweb.com/optimal/assets/images/products/digital-product8-1.jpg]
[template.annimexweb.com/optimal/assets/images/parallax/demo22-shop-category-banner.jpg]
[template.annimexweb.com/optimal/assets/images/collection/demo22-water-purifier.jpg]
[template.annimexweb.com/optimal/assets/images/collection/demo22-vacuum-cleaner.jpg]
[template.annimexweb.com/optimal/assets/images/collection/demo22-selling-appliances.jpg]
[template.annimexweb.com/optimal/assets/images/blog/demo22-post-1.jpg]
[template.annimexweb.com/optimal/assets/images/blog/demo22-post-2.jpg]
[template.annimexweb.com/optimal/assets/images/blog/demo22-post-3.jpg]
[template.annimexweb.com/optimal/index-demo22.html]
[template.annimexweb.com/optimal/assets/images/slideshow/demo23-banner1.jpg]
[template.annimexweb.com/optimal/assets/images/slideshow/demo23-banner2.jpg]
[template.annimexweb.com/optimal/assets/images/collection/demo23-step-into-spring.jpg]
[template.annimexweb.com/optimal/assets/images/collection/demo23-hot-accessories.jpg]
[template.annimexweb.com/optimal/assets/images/collection/demo23-vacay-vibes.jpg]
[template.annimexweb.com/optimal/assets/images/collection/demo23-cargos.jpg]
[template.annimexweb.com/optimal/assets/images/products/product-7-5.jpg]
[template.annimexweb.com/optimal/assets/images/collection/demo23-shop-beachwear.jpg]
[template.annimexweb.com/optimal/assets/images/collection/demo23-shop-sunglasses.jpg]
[template.annimexweb.com/optimal/assets/images/collection/demo23-shop-shoes.jpg]
[template.annimexweb.com/optimal/assets/images/collection/demo23-shop-bags.jpg]
[template.annimexweb.com/optimal/assets/images/collection/demo23-holiday-heat.jpg]
[template.annimexweb.com/optimal/assets/images/collection/demo23-optimal-luxe.jpg]
[template.annimexweb.com/optimal/assets/images/blog/demo23-post-1.jpg]
[template.annimexweb.com/optimal/assets/images/blog/demo23-post-2.jpg]
[template.annimexweb.com/optimal/assets/images/blog/demo23-post-3.jpg]
[template.annimexweb.com/optimal/assets/images/google-pay.jpg]
[template.annimexweb.com/optimal/assets/images/apple-bas.jpg]
[template.annimexweb.com/optimal/index-demo23.html]
[template.annimexweb.com/optimal/assets/video/glamour.mp4]
[template.annimexweb.com/optimal/assets/images/slideshow/demo24-banner1.jpg]
[template.annimexweb.com/optimal/assets/images/collection/demo24-step-into-spring.jpg]
[template.annimexweb.com/optimal/assets/images/collection/demo24-hot-accessories.jpg]
[template.annimexweb.com/optimal/assets/images/collection/demo24-shop-cargos.jpg]
[template.annimexweb.com/optimal/assets/images/collection/demo24-vacay-vibes.jpg]
[template.annimexweb.com/optimal/assets/video/fashion-new-arrivals.mp4]
[template.annimexweb.com/optimal/assets/images/parallax/demo24-herobanner.jpg]
[template.annimexweb.com/optimal/assets/images/collection/demo24-sunny-day.jpg]
[template.annimexweb.com/optimal/assets/images/collection/demo24-glossy-pant.jpg]
[template.annimexweb.com/optimal/assets/images/collection/demo24-partydress.jpg]
[template.annimexweb.com/optimal/assets/images/collection/demo24-story-swim.jpg]
[template.annimexweb.com/optimal/assets/images/collection/demo24-get-dressed.jpg]
[template.annimexweb.com/optimal/assets/images/collection/demo24-elevate-tee.jpg]
[template.annimexweb.com/optimal/index-demo24.html]
[template.annimexweb.com/optimal/assets/images/slideshow/demo25-banner1.jpg]
[template.annimexweb.com/optimal/assets/images/collection/demo25-running.jpg]
[template.annimexweb.com/optimal/assets/images/collection/demo25-tenis.jpg]
[template.annimexweb.com/optimal/assets/images/collection/demo25-traiing.jpg]
[template.annimexweb.com/optimal/assets/images/collection/demo25-walking.jpg]
[template.annimexweb.com/optimal/assets/images/collection/demo25-everyday.jpg]
[template.annimexweb.com/optimal/assets/images/collection/demo25-hikinh.jpg]
[template.annimexweb.com/optimal/assets/images/products/shoes-product1.jpg]
[template.annimexweb.com/optimal/assets/images/products/shoes-product1-1.jpg]
[template.annimexweb.com/optimal/assets/images/products/shoes-product2.jpg]
[template.annimexweb.com/optimal/assets/images/products/shoes-product2-1.jpg]
[template.annimexweb.com/optimal/assets/images/products/shoes-product3.jpg]
[template.annimexweb.com/optimal/assets/images/products/shoes-product3-1.jpg]
[template.annimexweb.com/optimal/assets/images/products/shoes-product4.jpg]
[template.annimexweb.com/optimal/assets/images/products/shoes-product4-1.jpg]
[template.annimexweb.com/optimal/assets/images/products/shoes-product5.jpg]
[template.annimexweb.com/optimal/assets/images/products/shoes-product5-1.jpg]
[template.annimexweb.com/optimal/assets/images/products/shoes-product6.jpg]
[template.annimexweb.com/optimal/assets/images/products/shoes-product6-1.jpg]
[template.annimexweb.com/optimal/assets/images/products/shoes-product7.jpg]
[template.annimexweb.com/optimal/assets/images/products/shoes-product7-1.jpg]
[template.annimexweb.com/optimal/assets/images/products/shoes-product8.jpg]
[template.annimexweb.com/optimal/assets/images/products/shoes-product8-1.jpg]
[template.annimexweb.com/optimal/assets/images/parallax/demo25-herobanner.jpg]
[template.annimexweb.com/optimal/pro-quickshop2]
[template.annimexweb.com/optimal/assets/images/demo25-promo-bg1.jpg]
[template.annimexweb.com/optimal/assets/images/products/shoes-product1-2.jpg]
[template.annimexweb.com/optimal/assets/images/products/shoes-product1-3.jpg]
[template.annimexweb.com/optimal/assets/images/products/shoes-product1-4.jpg]
[template.annimexweb.com/optimal/index-demo25.html]
[template.annimexweb.com/optimal/index-demo26.html]
[template.annimexweb.com/optimal/assets/images/collection/demo1-banner4.jpg]
[template.annimexweb.com/optimal/assets/images/collection/demo1-banner5.jpg]
[template.annimexweb.com/optimal/assets/images/collection/collection-masonary1.jpg]
[template.annimexweb.com/optimal/index-demo27.html]
[template.annimexweb.com/optimal/assets/images/collection/collection-masonary2.jpg]
[template.annimexweb.com/optimal/assets/images/collection/collection-masonary3.jpg]
[template.annimexweb.com/optimal/category-2columns.html]
[template.annimexweb.com/optimal/assets/images/collection/collection1.jpg]
[template.annimexweb.com/optimal/assets/images/collection/collection2.jpg]
[template.annimexweb.com/optimal/assets/images/collection/collection3.jpg]
[template.annimexweb.com/optimal/assets/images/collection/collection4.jpg]
[template.annimexweb.com/optimal/assets/images/collection/collection5.jpg]
[template.annimexweb.com/optimal/assets/images/collection/collection6.jpg]
[template.annimexweb.com/optimal/assets/images/collection/collection7.jpg]
[template.annimexweb.com/optimal/assets/images/collection/collection8.jpg]
[template.annimexweb.com/optimal/category-3columns.html]
[template.annimexweb.com/optimal/category-4columns.html]
[template.annimexweb.com/optimal/category-5columns.html]
[template.annimexweb.com/optimal/category-6columns.html]
[template.annimexweb.com/optimal/category-7columns.html]
[template.annimexweb.com/optimal/assets/images/sad-icon.png]
[template.annimexweb.com/optimal/empty-category.html]
[template.annimexweb.com/optimal/assets/images/shop-banner.jpg]
[template.annimexweb.com/optimal/compare.html]
[template.annimexweb.com/optimal/shop-left-sidebar.html]
[template.annimexweb.com/optimal/shop-right-sidebar.html]
[template.annimexweb.com/optimal/shop-top-filter.html]
[template.annimexweb.com/optimal/shop-fullwidth.html]
[template.annimexweb.com/optimal/shop-no-sidebar.html]
[template.annimexweb.com/optimal/shop-listview-sidebar.html]
[template.annimexweb.com/optimal/shop-listview-drawer.html]
[template.annimexweb.com/optimal/assets/images/collection-banner/kids-banner.jpg]
[template.annimexweb.com/optimal/assets/images/collection-banner/groups-banner.jpg]
[template.annimexweb.com/optimal/shop-category-slideshow.html]
[template.annimexweb.com/optimal/shop-heading-with-banner.html]
[template.annimexweb.com/optimal/assets/images/collection/sub-collection1.jpg]
[template.annimexweb.com/optimal/assets/images/collection/sub-collection2.jpg]
[template.annimexweb.com/optimal/assets/images/collection/sub-collection3.jpg]
[template.annimexweb.com/optimal/assets/images/collection/sub-collection4.jpg]
[template.annimexweb.com/optimal/shop-sub-collections.html]
[template.annimexweb.com/optimal/assets/images/collection-banner/women-banner.jpg]
[template.annimexweb.com/optimal/shop-masonry-grid.html]
[template.annimexweb.com/optimal/shop-hover-info.html]
[template.annimexweb.com/optimal/assets/images/products/swatches/color-img.jpg]
[template.annimexweb.com/optimal/shop-swatches-style.html]
[template.annimexweb.com/optimal/shop-grid-style.html]
[template.annimexweb.com/optimal/shop-search-results.html]
[template.annimexweb.com/optimal/my-wishlist-style2.html]
[template.annimexweb.com/optimal/compare-style2.html]
[template.annimexweb.com/optimal/assets/images/payment-img.jpg]
[template.annimexweb.com/optimal/cart-style2.html]
[template.annimexweb.com/optimal/checkout-style1.html]
[template.annimexweb.com/optimal/checkout-style2.html]
[template.annimexweb.com/optimal/checkout-success.html]
[template.annimexweb.com/optimal/assets/images/products/product-4-2.jpg]
[template.annimexweb.com/optimal/assets/images/products/product-4-3.jpg]
[template.annimexweb.com/optimal/assets/images/products/product-4-4.jpg]
[template.annimexweb.com/optimal/assets/images/products/product-4-5.jpg]
[template.annimexweb.com/optimal/assets/images/powerby-cards.jpg]
[template.annimexweb.com/optimal/assets/images/about/about-info-s3.jpg]
[template.annimexweb.com/optimal/product-standard.html]
[template.annimexweb.com/optimal/assets/images/products/product-15-4.jpg]
[template.annimexweb.com/optimal/assets/images/products/product-15-2.jpg]
[template.annimexweb.com/optimal/assets/images/products/product-15-3.jpg]
[template.annimexweb.com/optimal/assets/images/products/product-15-5.jpg]
[template.annimexweb.com/optimal/product-variable.html]
[template.annimexweb.com/optimal/assets/images/products/video/product-1.mp4]
[template.annimexweb.com/optimal/product-grouped.html]
[template.annimexweb.com/optimal/assets/images/products/product-20-2.jpg]
[template.annimexweb.com/optimal/assets/images/products/product-20-3.jpg]
[template.annimexweb.com/optimal/assets/images/products/product-20-4.jpg]
[template.annimexweb.com/optimal/assets/images/products/product-20-5.jpg]
[template.annimexweb.com/optimal/assets/images/order-icon.jpg]
[template.annimexweb.com/optimal/product-external-affiliate.html]
[template.annimexweb.com/optimal/assets/images/products/product-6-3.jpg]
[template.annimexweb.com/optimal/product-outofstock.html]
[template.annimexweb.com/optimal/product-layout1.html]
[template.annimexweb.com/optimal/assets/images/products/product-2-2.jpg]
[template.annimexweb.com/optimal/assets/images/products/product-2-3.jpg]
[template.annimexweb.com/optimal/assets/images/products/product-2-4.jpg]
[template.annimexweb.com/optimal/assets/images/products/product-2-5.jpg]
[template.annimexweb.com/optimal/product-layout2.html]
[template.annimexweb.com/optimal/product-accordian.html]
[template.annimexweb.com/optimal/assets/images/products/360degree-images/1.jpg]
[template.annimexweb.com/optimal/assets/images/products/360degree-images/5.jpg]
[template.annimexweb.com/optimal/assets/images/products/360degree-images/10.jpg]
[template.annimexweb.com/optimal/assets/images/products/360degree-images/15.jpg]
[template.annimexweb.com/optimal/assets/images/products/360degree-images/20.jpg]
[template.annimexweb.com/optimal/assets/images/products/360degree-images/25.jpg]
[template.annimexweb.com/optimal/assets/js/vendor/jquery.threesixty.min.js]
[template.annimexweb.com/optimal/assets/js/vendor/jquery-migrate-1.4.1.min.js]
[template.annimexweb.com/optimal/prodcut-360-degree-view.html]
[template.annimexweb.com/optimal/assets/images/products/product-1-2.jpg]
[template.annimexweb.com/optimal/assets/images/products/product-1-3.jpg]
[template.annimexweb.com/optimal/assets/images/products/product-1-4.jpg]
[template.annimexweb.com/optimal/assets/images/products/product-1-5.jpg]
[template.annimexweb.com/optimal/assets/images/products/product-3-2.jpg]
[template.annimexweb.com/optimal/assets/images/products/product-3-3.jpg]
[template.annimexweb.com/optimal/assets/images/products/product-3-4.jpg]
[template.annimexweb.com/optimal/assets/images/products/product-3-5.jpg]
[template.annimexweb.com/optimal/product-layout3.html]
[template.annimexweb.com/optimal/product-layout4.html]
[template.annimexweb.com/optimal/assets/images/products/product-5-5.jpg]
[template.annimexweb.com/optimal/product-layout5.html]
[template.annimexweb.com/optimal/product-layout6.html]
[template.annimexweb.com/optimal/assets/images/products/product-7-2.jpg]
[template.annimexweb.com/optimal/assets/images/products/product-7-3.jpg]
[template.annimexweb.com/optimal/assets/images/products/product-7-4.jpg]
[template.annimexweb.com/optimal/product-layout7.html]
[template.annimexweb.com/optimal/product-tabs-left.html]
[template.annimexweb.com/optimal/product-tabs-center.html]
[template.annimexweb.com/optimal/assets/images/logo/brandlogo7.png]
[template.annimexweb.com/optimal/brands-style2.html]
[template.annimexweb.com/optimal/assets/js/vendor/vendor-chart.js]
[template.annimexweb.com/optimal/assets/js/vendor/vendor-custom-chart.js]
[template.annimexweb.com/optimal/vendor-dashboard.html]
[template.annimexweb.com/optimal/assets/images/vendor/vendor-profile.jpg]
[template.annimexweb.com/optimal/vendor-profile.html]
[template.annimexweb.com/optimal/assets/images/vendor/vender-upload-preview.jpg]
[template.annimexweb.com/optimal/assets/js/vendor/bootstrap-tagsinput.js]
[template.annimexweb.com/optimal/assets/js/vendor/tinymce.min.js]
[template.annimexweb.com/optimal/vendor-uploads.html]
[template.annimexweb.com/optimal/vendor-tracking.html]
[template.annimexweb.com/optimal/assets/images/vendor/vendor-service.png]
[template.annimexweb.com/optimal/vendor-service.html]
[template.annimexweb.com/optimal/vendor-settings.html]
[template.annimexweb.com/optimal/email-template/images/logo-white.png]
[template.annimexweb.com/optimal/email-template/images/checkmark-success.png]
[template.annimexweb.com/optimal/email-template/images/order-delivered.png]
[template.annimexweb.com/optimal/email-template/images/product-1.jpg]
[template.annimexweb.com/optimal/email-template/images/product-2.jpg]
[template.annimexweb.com/optimal/email-template/images/facebook-white.png]
[template.annimexweb.com/optimal/email-template/images/twitter-white.png]
[template.annimexweb.com/optimal/email-template/images/youtube-white.png]
[template.annimexweb.com/optimal/email-template/images/instagram-white.png]
[template.annimexweb.com/optimal/email-template/images/linkedin-white.png]
[template.annimexweb.com/optimal/email-template/email-order-success1.html]
[template.annimexweb.com/optimal/email-template/images/logo-black.png]
[template.annimexweb.com/optimal/email-template/images/order-on-way.gif]
[template.annimexweb.com/optimal/email-template/images/facebook-black.png]
[template.annimexweb.com/optimal/email-template/images/twitter-black.png]
[template.annimexweb.com/optimal/email-template/images/youtube-black.png]
[template.annimexweb.com/optimal/email-template/images/instagram-black.png]
[template.annimexweb.com/optimal/email-template/images/linkedin-black.png]
[template.annimexweb.com/optimal/email-template/email-order-success2.html]
[template.annimexweb.com/optimal/email-template/email-invoice-template1.html]
[template.annimexweb.com/optimal/email-template/email-invoice-template2.html]
[template.annimexweb.com/optimal/email-template/images/forgot-password.jpg]
[template.annimexweb.com/optimal/email-template/email-forgot-password.html]
[template.annimexweb.com/optimal/email-template/images/email-confirm.jpg]
[template.annimexweb.com/optimal/email-template/email-confirmation.html]
[template.annimexweb.com/optimal/email-template/images/email-promotional1.jpg]
[template.annimexweb.com/optimal/email-template/images/product-3.jpg]
[template.annimexweb.com/optimal/email-template/email-promotional1.html]
[template.annimexweb.com/optimal/email-template/images/collection-1.jpg]
[template.annimexweb.com/optimal/email-template/images/collection-2.jpg]
[template.annimexweb.com/optimal/email-template/images/collection-3.jpg]
[template.annimexweb.com/optimal/email-template/images/email-promotional2.jpg]
[template.annimexweb.com/optimal/email-template/email-promotional2.html]
[template.annimexweb.com/optimal/elements-header-styles.html]
[template.annimexweb.com/optimal/elements-breadcrumb.html]
[template.annimexweb.com/optimal/elements-slider-styles.html]
[template.annimexweb.com/optimal/elements-footer-styles.html]
[template.annimexweb.com/optimal/assets/js/vendor/prismjs-clipboard.js]
[template.annimexweb.com/optimal/elements-typography.html]
[template.annimexweb.com/optimal/elements-buttons.html]
[template.annimexweb.com/optimal/elements-titles.html]
[template.annimexweb.com/optimal/assets/images/elements/index-demo10-banner-style.png]
[template.annimexweb.com/optimal/assets/images/elements/index-demo13-banner-style.png]
[template.annimexweb.com/optimal/elements-banner-styles.html]
[template.annimexweb.com/optimal/elements-testimonial.html]
[template.annimexweb.com/optimal/elements-accordions.html]
[template.annimexweb.com/optimal/elements-icons.html]
[template.annimexweb.com/optimal/elements-blog-posts.html]
[template.annimexweb.com/optimal/elements-product.html]
[template.annimexweb.com/optimal/elements-product-tab.html]
[template.annimexweb.com/optimal/elements-top-info-bar.html]
[template.annimexweb.com/optimal/elements-top-promo-bar.html]
[template.annimexweb.com/optimal/assets/images/about/about-info-s1.jpg]
[template.annimexweb.com/optimal/assets/images/about/about-team1.jpg]
[template.annimexweb.com/optimal/assets/images/about/about-team2.jpg]
[template.annimexweb.com/optimal/assets/images/about/about-team3.jpg]
[template.annimexweb.com/optimal/aboutus-style1.html]
[template.annimexweb.com/optimal/assets/images/about/about-info-s2-1.jpg]
[template.annimexweb.com/optimal/assets/images/about/about-info-s2-2.jpg]
[template.annimexweb.com/optimal/aboutus-style2.html]
[template.annimexweb.com/optimal/aboutus-style3.html]
[template.annimexweb.com/optimal/assets/js/ajax_sendmail.js]
[template.annimexweb.com/optimal/contact-style1.html]
[template.annimexweb.com/optimal/contact-style2.html]
[template.annimexweb.com/optimal/assets/images/lookbook/demo6-lookbook3-l.jpg]
[template.annimexweb.com/optimal/assets/images/lookbook/lookbook-s1-1.jpg]
[template.annimexweb.com/optimal/assets/images/lookbook/lookbook-s1-2.jpg]
[template.annimexweb.com/optimal/assets/images/lookbook/lookbook-s1-3.jpg]
[template.annimexweb.com/optimal/assets/images/lookbook/lookbook-s1-4.jpg]
[template.annimexweb.com/optimal/lookbook-2columns.html]
[template.annimexweb.com/optimal/assets/images/lookbook/lookbook-s2-1.jpg]
[template.annimexweb.com/optimal/assets/images/lookbook/lookbook-s2-2.jpg]
[template.annimexweb.com/optimal/assets/images/lookbook/lookbook-s2-3.jpg]
[template.annimexweb.com/optimal/assets/images/lookbook/lookbook-s2-4.jpg]
[template.annimexweb.com/optimal/assets/images/lookbook/lookbook-s2-5.jpg]
[template.annimexweb.com/optimal/assets/images/lookbook/lookbook-s2-6.jpg]
[template.annimexweb.com/optimal/lookbook-3columns.html]
[template.annimexweb.com/optimal/assets/images/lookbook/lookbook-s3-1.jpg]
[template.annimexweb.com/optimal/assets/images/lookbook/lookbook-s3-2.jpg]
[template.annimexweb.com/optimal/assets/images/lookbook/lookbook-s3-3.jpg]
[template.annimexweb.com/optimal/assets/images/lookbook/lookbook-s3-4.jpg]
[template.annimexweb.com/optimal/assets/images/lookbook/lookbook-s3-5.jpg]
[template.annimexweb.com/optimal/assets/images/lookbook/lookbook-s3-6.jpg]
[template.annimexweb.com/optimal/assets/images/lookbook/lookbook-s3-7.jpg]
[template.annimexweb.com/optimal/assets/images/lookbook/lookbook-s3-8.jpg]
[template.annimexweb.com/optimal/lookbook-4columns.html]
[template.annimexweb.com/optimal/lookbook-5columns.html]
[template.annimexweb.com/optimal/lookbook-shop.html]
[template.annimexweb.com/optimal/faqs-style1.html]
[template.annimexweb.com/optimal/faqs-style2.html]
[template.annimexweb.com/optimal/brands-style1.html]
[template.annimexweb.com/optimal/assets/images/avatar-img3.jpg]
[template.annimexweb.com/optimal/my-account.html]
[template.annimexweb.com/optimal/assets/images/blog/recent-commnet.jpg]
[template.annimexweb.com/optimal/login-sliding-style.html]
[template.annimexweb.com/optimal/forgot-password.html]
[template.annimexweb.com/optimal/change-password.html]
[template.annimexweb.com/optimal/empty-cart.html]
[template.annimexweb.com/optimal/empty-compare.html]
[template.annimexweb.com/optimal/empty-wishlist.html]
[template.annimexweb.com/optimal/empty-search.html]
[template.annimexweb.com/optimal/assets/images/error-404.jpg]
[template.annimexweb.com/optimal/error-404.html]
[template.annimexweb.com/optimal/cms-page.html]
[template.annimexweb.com/optimal/coming-soon.html]
[template.annimexweb.com/optimal/assets/images/blog/post-small-1.jpg]
[template.annimexweb.com/optimal/assets/images/blog/post-small-2.jpg]
[template.annimexweb.com/optimal/assets/images/blog/post-small-3.jpg]
[template.annimexweb.com/optimal/assets/images/new-sale-banner.jpg]
[template.annimexweb.com/optimal/assets/images/blog/post-4.jpg]
[template.annimexweb.com/optimal/blog-left-sidebar.html]
[template.annimexweb.com/optimal/assets/images/black-friday-banner.jpg]
[template.annimexweb.com/optimal/blog-right-sidebar.html]
[template.annimexweb.com/optimal/blog-fullwidth.html]
[template.annimexweb.com/optimal/assets/images/top-sale-banner.jpg]
[template.annimexweb.com/optimal/blog-masonry.html]
[template.annimexweb.com/optimal/blog-2columns.html]
[template.annimexweb.com/optimal/blog-3columns.html]
[template.annimexweb.com/optimal/blog-4columns.html]
[template.annimexweb.com/optimal/assets/images/avatar-img1.jpg]
[template.annimexweb.com/optimal/assets/images/avatar-img2.jpg]
[template.annimexweb.com/optimal/blog-single-post.html]
[template.annimexweb.com/optimal/privacy-policy.html]
[template.annimexweb.com/optimal/assets/fonts/annimex-iconsdb80.svg]
[template.annimexweb.com/optimal/assets/images/soldout.svg]
[template.annimexweb.com/optimal/assets/images/snow-1.html]
[template.annimexweb.com/optimal/assets/images/snow-2.html]
[template.annimexweb.com/optimal/product-layout-3.html]
[template.annimexweb.com/optimal/assets/images/logo-demo-4.svg]
[template.annimexweb.com/optimal/+46647749940.html]
[template.annimexweb.com/optimal/pro-quickshop2.html]
[template.annimexweb.com/optimal/assets/images/logo-demo26.png]
[template.annimexweb.com/optimal/assets/images/slideshow/demo26-banner1.jpg]
[template.annimexweb.com/optimal/assets/images/slideshow/demo26-banner2.jpg]
[template.annimexweb.com/optimal/assets/images/products/book-product1.jpg]
[template.annimexweb.com/optimal/assets/images/products/book-product2.jpg]
[template.annimexweb.com/optimal/assets/images/products/book-product3.jpg]
[template.annimexweb.com/optimal/assets/images/products/book-product4.jpg]
[template.annimexweb.com/optimal/assets/images/products/book-product5.jpg]
[template.annimexweb.com/optimal/assets/images/products/book-product6.jpg]
[template.annimexweb.com/optimal/assets/images/products/book-product7.jpg]
[template.annimexweb.com/optimal/assets/images/products/book-product8.jpg]
[template.annimexweb.com/optimal/assets/images/products/book-product9.jpg]
[template.annimexweb.com/optimal/assets/images/products/book-product10.jpg]
[template.annimexweb.com/optimal/assets/images/collection/demo26-fiction-literature.jpg]
[template.annimexweb.com/optimal/assets/images/collection/demo26-adventure.jpg]
[template.annimexweb.com/optimal/assets/images/collection/demo26-art.jpg]
[template.annimexweb.com/optimal/assets/images/collection/demo26-religion.jpg]
[template.annimexweb.com/optimal/assets/images/collection/demo26-business.jpg]
[template.annimexweb.com/optimal/assets/images/collection/demo26-children.jpg]
[template.annimexweb.com/optimal/assets/images/collection/demo26-romance.jpg]
[template.annimexweb.com/optimal/assets/images/collection/demo26-mystery.jpg]
[template.annimexweb.com/optimal/assets/images/collection/demo26-fitness.jpg]
[template.annimexweb.com/optimal/assets/images/parallax/demo26-herobanner.jpg]
[template.annimexweb.com/optimal/assets/images/products/book-product11.jpg]
[template.annimexweb.com/optimal/assets/images/products/book-product12.jpg]
[template.annimexweb.com/optimal/assets/images/products/book-product13.jpg]
[template.annimexweb.com/optimal/assets/images/content/demo26-booknews.jpg]
[template.annimexweb.com/optimal/index-demo26.html]
[template.annimexweb.com/optimal/assets/video/yoga.mp4]
[template.annimexweb.com/optimal/assets/images/slideshow/demo27-banner1.jpg]
[template.annimexweb.com/optimal/assets/images/content/demo27-yogamat.jpg]
[template.annimexweb.com/optimal/assets/images/content/demo27-yogaac.jpg]
[template.annimexweb.com/optimal/assets/images/products/yoga-product1.jpg]
[template.annimexweb.com/optimal/assets/images/products/yoga-product1-1.jpg]
[template.annimexweb.com/optimal/assets/images/products/yoga-product2.jpg]
[template.annimexweb.com/optimal/assets/images/products/yoga-product2-1.jpg]
[template.annimexweb.com/optimal/assets/images/products/yoga-product3.jpg]
[template.annimexweb.com/optimal/assets/images/products/yoga-product3-1.jpg]
[template.annimexweb.com/optimal/assets/images/products/yoga-product4.jpg]
[template.annimexweb.com/optimal/assets/images/products/yoga-product4-1.jpg]
[template.annimexweb.com/optimal/assets/images/products/yoga-product5.jpg]
[template.annimexweb.com/optimal/assets/images/products/yoga-product5-1.jpg]
[template.annimexweb.com/optimal/assets/images/products/yoga-product6.jpg]
[template.annimexweb.com/optimal/assets/images/products/yoga-product6-1.jpg]
[template.annimexweb.com/optimal/assets/images/products/yoga-product7.jpg]
[template.annimexweb.com/optimal/assets/images/products/yoga-product7-1.jpg]
[template.annimexweb.com/optimal/assets/images/products/yoga-product8.jpg]
[template.annimexweb.com/optimal/assets/images/products/yoga-product8-1.jpg]
[template.annimexweb.com/optimal/assets/images/content/demo27-about-foudner.jpg]
[template.annimexweb.com/optimal/assets/images/content/demo27-yoga-spring.jpg]
[template.annimexweb.com/optimal/assets/images/products/yoga-product9.jpg]
[template.annimexweb.com/optimal/assets/images/products/yoga-product9-1.jpg]
[template.annimexweb.com/optimal/assets/images/products/yoga-product10.jpg]
[template.annimexweb.com/optimal/assets/images/products/yoga-product10-1.jpg]
[template.annimexweb.com/optimal/assets/images/products/yoga-product11.jpg]
[template.annimexweb.com/optimal/assets/images/products/yoga-product11-1.jpg]
[template.annimexweb.com/optimal/assets/images/products/yoga-product12.jpg]
[template.annimexweb.com/optimal/assets/images/products/yoga-product12-1.jpg]
[template.annimexweb.com/optimal/assets/images/ftr-logo-demo27.jpg]
[template.annimexweb.com/optimal/index-demo27.html]
[template.annimexweb.com/optimal/compare.html]
[template.annimexweb.com/optimal/assets/css/prismjs-clipboard.css]
[template.annimexweb.com/optimal/assets/images/elements/header/header-1.png]
[template.annimexweb.com/optimal/assets/images/elements/header/header-2.png]
[template.annimexweb.com/optimal/assets/images/elements/header/header-3.png]
[template.annimexweb.com/optimal/assets/images/elements/header/header-4.png]
[template.annimexweb.com/optimal/assets/images/elements/header/header-5.png]
[template.annimexweb.com/optimal/assets/images/elements/header/header-6.png]
[template.annimexweb.com/optimal/assets/images/elements/header/header-7.png]
[template.annimexweb.com/optimal/assets/images/elements/header/header-8.png]
[template.annimexweb.com/optimal/assets/images/elements/header/header-9.png]
[template.annimexweb.com/optimal/assets/images/elements/header/header-10.png]
[template.annimexweb.com/optimal/assets/images/elements/header/header-11.png]
[template.annimexweb.com/optimal/assets/images/elements/header/header-12.png]
[template.annimexweb.com/optimal/assets/images/elements/header/header-13.png]
[template.annimexweb.com/optimal/assets/images/elements/header/header-14.png]
[template.annimexweb.com/optimal/assets/images/elements/header/header-15.png]
[template.annimexweb.com/optimal/assets/images/elements/header/header-16.png]
[template.annimexweb.com/optimal/assets/images/elements/header/header-17.png]
[template.annimexweb.com/optimal/assets/images/elements/header/header-18.png]
[template.annimexweb.com/optimal/assets/images/elements/header/header-19.png]
[template.annimexweb.com/optimal/assets/images/elements/header/header-20.png]
[template.annimexweb.com/optimal/assets/images/elements/header/header-21.png]
[template.annimexweb.com/optimal/assets/images/elements/header/header-22.png]
[template.annimexweb.com/optimal/assets/images/elements/header/header-23.png]
[template.annimexweb.com/optimal/assets/images/elements/header/header-24.png]
[template.annimexweb.com/optimal/assets/images/elements/header/header-25.png]
[template.annimexweb.com/optimal/assets/images/elements/header/header-26.png]
[template.annimexweb.com/optimal/assets/images/elements/header/header-27.png]
[template.annimexweb.com/optimal/assets/images/elements/header/hdr-mob-1.png]
[template.annimexweb.com/optimal/assets/images/elements/header/hdr-mob-2.png]
[template.annimexweb.com/optimal/assets/images/elements/header/hdr-mob-3.png]
[template.annimexweb.com/optimal/elements-header-styles.html]
[template.annimexweb.com/optimal/elements-breadcrumb.html]
[template.annimexweb.com/optimal/elements-slider-styles.html]
[template.annimexweb.com/optimal/assets/images/elements/footer/footer-1.png]
[template.annimexweb.com/optimal/assets/images/elements/footer/footer-2.png]
[template.annimexweb.com/optimal/assets/images/elements/footer/footer-3.png]
[template.annimexweb.com/optimal/assets/images/elements/footer/footer-4.png]
[template.annimexweb.com/optimal/assets/images/elements/footer/footer-5.png]
[template.annimexweb.com/optimal/assets/images/elements/footer/footer-6.png]
[template.annimexweb.com/optimal/assets/images/elements/footer/footer-7.png]
[template.annimexweb.com/optimal/assets/images/elements/footer/footer-8.png]
[template.annimexweb.com/optimal/assets/images/elements/footer/footer-9.png]
[template.annimexweb.com/optimal/assets/images/elements/footer/footer-10.png]
[template.annimexweb.com/optimal/assets/images/elements/footer/footer-11.png]
[template.annimexweb.com/optimal/assets/images/elements/footer/footer-12.png]
[template.annimexweb.com/optimal/assets/images/elements/footer/footer-13.png]
[template.annimexweb.com/optimal/assets/images/elements/footer/footer-14.png]
[template.annimexweb.com/optimal/assets/images/elements/footer/footer-15.png]
[template.annimexweb.com/optimal/assets/images/elements/footer/footer-16.png]
[template.annimexweb.com/optimal/assets/images/elements/footer/footer-17.png]
[template.annimexweb.com/optimal/assets/images/elements/footer/footer-18.png]
[template.annimexweb.com/optimal/assets/images/elements/footer/footer-19.png]
[template.annimexweb.com/optimal/assets/images/elements/footer/footer-20.png]
[template.annimexweb.com/optimal/assets/images/elements/footer/footer-21.png]
[template.annimexweb.com/optimal/assets/images/elements/footer/footer-22.png]
[template.annimexweb.com/optimal/assets/images/elements/footer/footer-23.png]
[template.annimexweb.com/optimal/assets/images/elements/footer/footer-24.png]
[template.annimexweb.com/optimal/assets/images/elements/footer/footer-25.png]
[template.annimexweb.com/optimal/assets/images/elements/footer/footer-26.png]
[template.annimexweb.com/optimal/assets/images/elements/footer/footer-27.png]
[template.annimexweb.com/optimal/elements-footer-styles.html]
